
=== baseline_comparator starting  2025-03-01 .. 2025-08-31  (completed days are skipped) ===
Policy: proportional allocation (see module docstring) - NOT NSGA-II/TOPSIS.
tanks: 32   yala demand: season_days=160  duration_class=135
[2025-03-01] day 1  feasible=False    0.1s  total_release=2,493,485 m3  sat_mean=88.25391724338544
[2025-03-02] day 2  feasible=False    0.1s  total_release=2,497,748 m3  sat_mean=88.82273192635184
[2025-03-03] day 3  feasible=False    0.1s  total_release=2,497,743 m3  sat_mean=88.8471324603444
[2025-03-04] day 4  feasible=False    0.1s  total_release=2,497,350 m3  sat_mean=88.8241162559219
[2025-03-05] day 5  feasible=False    0.1s  total_release=2,409,082 m3  sat_mean=89.05326047651565
[2025-03-06] day 6  feasible=False    0.1s  total_release=2,319,453 m3  sat_mean=89.08314739242071
[2025-03-07] day 7  feasible=False    0.1s  total_release=2,241,937 m3  sat_mean=90.27587159127972
[2025-03-08] day 8  feasible=False    0.1s  total_release=2,147,702 m3  sat_mean=89.40537314642296
[2025-03-09] day 9  feasible=False    0.1s  total_release=2,059,084 m3  sat_mean=89.53869560312569
[2025-03-10] day 10  feasible=False    0.1s  total_release=1,970,127 m3  sat_mean=89.75553969437604
[2025-03-11] day 11  feasible=False    0.1s  total_release=1,884,482 m3  sat_mean=90.46376876922952
[2025-03-12] day 12  feasible=False    0.1s  total_release=1,885,792 m3  sat_mean=90.74984041918492
[2025-03-13] day 13  feasible=False    0.1s  total_release=1,886,255 m3  sat_mean=90.84682674683279
[2025-03-14] day 14  feasible=False    0.1s  total_release=1,885,660 m3  sat_mean=90.77362444433611
[2025-03-15] day 15  feasible=False    0.1s  total_release=1,811,096 m3  sat_mean=90.85648445366795
[2025-03-16] day 16  feasible=False    0.1s  total_release=1,736,835 m3  sat_mean=90.96467472013026
[2025-03-17] day 17  feasible=False    0.1s  total_release=1,662,862 m3  sat_mean=91.14880590532385
[2025-03-18] day 18  feasible=False    0.1s  total_release=1,588,117 m3  sat_mean=91.23685053841407
[2025-03-19] day 19  feasible=False    0.1s  total_release=1,518,922 m3  sat_mean=93.08814161473235
[2025-03-20] day 20  feasible=False    0.1s  total_release=1,443,114 m3  sat_mean=93.0429120335764
[2025-03-21] day 21  feasible=False    0.1s  total_release=1,368,189 m3  sat_mean=93.31180841534069
[2025-03-22] day 22  feasible=False    0.1s  total_release=1,368,113 m3  sat_mean=93.21619358033284
[2025-03-23] day 23  feasible=False    0.1s  total_release=1,368,097 m3  sat_mean=93.2076343642523
[2025-03-24] day 24  feasible=False    0.1s  total_release=1,368,104 m3  sat_mean=93.21049079283448
[2025-03-25] day 25  feasible=False    0.1s  total_release=1,367,761 m3  sat_mean=93.22007425984263
[2025-03-26] day 26  feasible=False    0.1s  total_release=1,366,848 m3  sat_mean=93.07171212599638
[2025-03-27] day 27  feasible=False    0.1s  total_release=1,366,186 m3  sat_mean=93.00858820475553
[2025-03-28] day 28  feasible=False    0.1s  total_release=1,366,095 m3  sat_mean=93.05114623648757
[2025-03-29] day 29  feasible=False    0.1s  total_release=1,365,780 m3  sat_mean=93.07258916162233
[2025-03-30] day 30  feasible=False    0.1s  total_release=1,365,074 m3  sat_mean=93.01623720524674
[2025-03-31] day 31  feasible=False    0.1s  total_release=1,347,849 m3  sat_mean=88.72527239820344
[2025-04-01] day 32  feasible=False    0.1s  total_release=1,347,037 m3  sat_mean=88.62133001689722
[2025-04-02] day 33  feasible=False    0.1s  total_release=1,345,145 m3  sat_mean=87.91802864970731
[2025-04-03] day 34  feasible=False    0.1s  total_release=1,344,311 m3  sat_mean=87.64330876279546
[2025-04-04] day 35  feasible=False    0.1s  total_release=1,364,937 m3  sat_mean=88.25278526954024
[2025-04-05] day 36  feasible=False    0.1s  total_release=1,388,241 m3  sat_mean=89.4782725970569
[2025-04-06] day 37  feasible=False    0.1s  total_release=1,402,128 m3  sat_mean=88.41540625955217
[2025-04-07] day 38  feasible=False    0.1s  total_release=1,419,506 m3  sat_mean=88.28710375512783
[2025-04-08] day 39  feasible=False    0.1s  total_release=1,435,774 m3  sat_mean=87.78148367876946
[2025-04-09] day 40  feasible=False    0.1s  total_release=1,451,379 m3  sat_mean=87.18153474115815
[2025-04-10] day 41  feasible=False    0.1s  total_release=1,468,198 m3  sat_mean=86.87813509805068
[2025-04-11] day 42  feasible=False    0.1s  total_release=1,466,668 m3  sat_mean=86.54723529807707
[2025-04-12] day 43  feasible=False    0.1s  total_release=1,476,671 m3  sat_mean=90.47559400367226
[2025-04-13] day 44  feasible=False    0.1s  total_release=1,474,674 m3  sat_mean=89.96319905485652
[2025-04-14] day 45  feasible=False    0.1s  total_release=1,457,648 m3  sat_mean=90.29093485603701
[2025-04-15] day 46  feasible=False    0.1s  total_release=1,439,476 m3  sat_mean=90.41754471308536
[2025-04-16] day 47  feasible=False    0.1s  total_release=1,420,870 m3  sat_mean=90.45779910472692
[2025-04-17] day 48  feasible=False    0.1s  total_release=1,402,536 m3  sat_mean=90.55777760305375
[2025-04-18] day 49  feasible=False    0.1s  total_release=1,384,140 m3  sat_mean=90.63916615258593
[2025-04-19] day 50  feasible=False    0.1s  total_release=1,365,153 m3  sat_mean=90.56683302664878
[2025-04-20] day 51  feasible=False    0.1s  total_release=1,346,492 m3  sat_mean=90.59156482685003
[2025-04-21] day 52  feasible=False    0.1s  total_release=1,346,493 m3  sat_mean=90.57064523829507
[2025-04-22] day 53  feasible=False    0.1s  total_release=1,346,398 m3  sat_mean=90.53629705161477
[2025-04-23] day 54  feasible=False    0.1s  total_release=1,346,327 m3  sat_mean=90.52404075749784
[2025-04-24] day 55  feasible=False    0.1s  total_release=1,349,944 m3  sat_mean=91.2092822181987
[2025-04-25] day 56  feasible=False    0.1s  total_release=1,349,043 m3  sat_mean=90.77755534073744
[2025-04-26] day 57  feasible=False    0.1s  total_release=1,350,383 m3  sat_mean=90.7669739968097
[2025-04-27] day 58  feasible=False    0.1s  total_release=1,351,251 m3  sat_mean=90.76007263379473
[2025-04-28] day 59  feasible=False    0.1s  total_release=1,352,506 m3  sat_mean=90.7938190481286
[2025-04-29] day 60  feasible=False    0.1s  total_release=1,354,518 m3  sat_mean=90.96121741386008
[2025-04-30] day 61  feasible=False    0.1s  total_release=1,356,121 m3  sat_mean=91.0494941301551
[2025-05-01] day 62  feasible=False    0.1s  total_release=1,356,193 m3  sat_mean=91.05763122396695
[2025-05-02] day 63  feasible=False    0.1s  total_release=1,355,649 m3  sat_mean=90.97891354597353
[2025-05-03] day 64  feasible=False    0.1s  total_release=1,354,753 m3  sat_mean=90.81790307483598
[2025-05-04] day 65  feasible=False    0.1s  total_release=1,357,587 m3  sat_mean=90.76125751084057
[2025-05-05] day 66  feasible=False    0.1s  total_release=1,360,903 m3  sat_mean=90.81082852877039
[2025-05-06] day 67  feasible=False    0.1s  total_release=1,359,576 m3  sat_mean=87.95334483007376
[2025-05-07] day 68  feasible=False    0.1s  total_release=1,361,846 m3  sat_mean=87.74573158843206
[2025-05-08] day 69  feasible=False    0.1s  total_release=1,362,886 m3  sat_mean=87.21669923705048
[2025-05-09] day 70  feasible=False    0.1s  total_release=1,366,394 m3  sat_mean=87.31913331107421
[2025-05-10] day 71  feasible=False    0.1s  total_release=1,370,534 m3  sat_mean=87.52448212097865
[2025-05-11] day 72  feasible=False    0.1s  total_release=1,370,792 m3  sat_mean=87.59314662728306
[2025-05-12] day 73  feasible=False    0.1s  total_release=1,370,430 m3  sat_mean=87.5215413887956
[2025-05-13] day 74  feasible=False    0.1s  total_release=1,369,977 m3  sat_mean=87.41630601821201
[2025-05-14] day 75  feasible=False    0.1s  total_release=1,373,473 m3  sat_mean=87.39466065343878
[2025-05-15] day 76  feasible=False    0.1s  total_release=1,377,287 m3  sat_mean=87.43323757713219
[2025-05-16] day 77  feasible=False    0.1s  total_release=1,380,693 m3  sat_mean=87.40887821849176
[2025-05-17] day 78  feasible=False    0.1s  total_release=1,383,796 m3  sat_mean=87.31361591486075
[2025-05-18] day 79  feasible=False    0.1s  total_release=1,379,782 m3  sat_mean=86.92160903187852
[2025-05-19] day 80  feasible=False    0.1s  total_release=1,381,423 m3  sat_mean=86.42545834928453
[2025-05-20] day 81  feasible=False    0.1s  total_release=1,384,202 m3  sat_mean=86.22020432916631
[2025-05-21] day 82  feasible=False    0.1s  total_release=1,384,832 m3  sat_mean=86.42367317619508
[2025-05-22] day 83  feasible=False    0.1s  total_release=1,384,823 m3  sat_mean=86.41545636449885
[2025-05-23] day 84  feasible=False    0.1s  total_release=1,385,754 m3  sat_mean=86.61481701039268
[2025-05-24] day 85  feasible=False    0.1s  total_release=1,388,052 m3  sat_mean=86.63916886751605
[2025-05-25] day 86  feasible=False    0.1s  total_release=1,389,196 m3  sat_mean=86.41238576573133
[2025-05-26] day 87  feasible=False    0.1s  total_release=1,391,614 m3  sat_mean=86.48343765561502
[2025-05-27] day 88  feasible=False    0.1s  total_release=1,394,701 m3  sat_mean=86.69908857714915
[2025-05-28] day 89  feasible=False    0.1s  total_release=1,396,439 m3  sat_mean=86.62135636783587
[2025-05-29] day 90  feasible=False    0.1s  total_release=1,399,699 m3  sat_mean=86.8691143873207
[2025-05-30] day 91  feasible=False    0.1s  total_release=1,403,516 m3  sat_mean=85.99021365419125
[2025-05-31] day 92  feasible=False    0.1s  total_release=1,401,484 m3  sat_mean=85.58136909754145
[2025-06-01] day 93  feasible=False    0.1s  total_release=1,402,618 m3  sat_mean=85.70315376993656
[2025-06-02] day 94  feasible=False    0.1s  total_release=1,403,740 m3  sat_mean=85.99508370346541
[2025-06-03] day 95  feasible=False    0.1s  total_release=1,425,954 m3  sat_mean=85.84591272899225
[2025-06-04] day 96  feasible=False    0.1s  total_release=1,448,663 m3  sat_mean=85.77569265219046
[2025-06-05] day 97  feasible=False    0.1s  total_release=1,470,605 m3  sat_mean=85.5497130685865
[2025-06-06] day 98  feasible=False    0.1s  total_release=1,493,426 m3  sat_mean=85.49439235548772
[2025-06-07] day 99  feasible=False    0.1s  total_release=1,515,777 m3  sat_mean=85.36614321479261
[2025-06-08] day 100  feasible=False    0.1s  total_release=1,537,749 m3  sat_mean=85.17358908394817
[2025-06-09] day 101  feasible=False    0.1s  total_release=1,560,076 m3  sat_mean=85.03553859434206
[2025-06-10] day 102  feasible=False    0.1s  total_release=1,559,979 m3  sat_mean=85.01549446316693
[2025-06-11] day 103  feasible=False    0.1s  total_release=1,562,349 m3  sat_mean=85.03136713509814
[2025-06-12] day 104  feasible=False    0.1s  total_release=1,556,668 m3  sat_mean=83.85474536063431
[2025-06-13] day 105  feasible=False    0.1s  total_release=1,541,038 m3  sat_mean=84.17283669440042
[2025-06-14] day 106  feasible=False    0.1s  total_release=1,523,575 m3  sat_mean=84.19159913443093
[2025-06-15] day 107  feasible=False    0.1s  total_release=1,504,375 m3  sat_mean=83.74600258040269
[2025-06-16] day 108  feasible=False    0.1s  total_release=1,487,692 m3  sat_mean=83.89382113701518
[2025-06-17] day 109  feasible=False    0.1s  total_release=1,471,841 m3  sat_mean=84.19194020489738
[2025-06-18] day 110  feasible=False    0.1s  total_release=1,456,854 m3  sat_mean=84.70815879361817
[2025-06-19] day 111  feasible=False    0.1s  total_release=1,439,861 m3  sat_mean=84.87664879617532
[2025-06-20] day 112  feasible=False    0.1s  total_release=1,439,821 m3  sat_mean=84.87250889762177
[2025-06-21] day 113  feasible=False    0.1s  total_release=1,439,275 m3  sat_mean=84.76946291090603
[2025-06-22] day 114  feasible=False    0.1s  total_release=1,439,764 m3  sat_mean=84.86643773062902
[2025-06-23] day 115  feasible=False    0.1s  total_release=1,452,680 m3  sat_mean=86.84222432079741
[2025-06-24] day 116  feasible=False    0.1s  total_release=1,453,231 m3  sat_mean=86.46534477272182
[2025-06-25] day 117  feasible=False    0.1s  total_release=1,455,623 m3  sat_mean=86.3815143150724
[2025-06-26] day 118  feasible=False    0.1s  total_release=1,457,943 m3  sat_mean=86.276415272496
[2025-06-27] day 119  feasible=False    0.1s  total_release=1,459,910 m3  sat_mean=86.07331255050678
[2025-06-28] day 120  feasible=False    0.1s  total_release=1,462,842 m3  sat_mean=86.09669087958798
[2025-06-29] day 121  feasible=False    0.1s  total_release=1,465,423 m3  sat_mean=86.0046599770968
[2025-06-30] day 122  feasible=False    0.1s  total_release=1,466,252 m3  sat_mean=86.18778428519973
[2025-07-01] day 123  feasible=False    0.1s  total_release=1,466,525 m3  sat_mean=86.29457875390347
[2025-07-02] day 124  feasible=False    0.1s  total_release=1,465,496 m3  sat_mean=86.11122451759198
[2025-07-03] day 125  feasible=False    0.1s  total_release=1,477,620 m3  sat_mean=86.01248997194944
[2025-07-04] day 126  feasible=False    0.1s  total_release=1,490,344 m3  sat_mean=86.04016479600011
[2025-07-05] day 127  feasible=False    0.1s  total_release=1,516,686 m3  sat_mean=88.9805286680488
[2025-07-06] day 128  feasible=False    0.1s  total_release=1,526,416 m3  sat_mean=88.44581581869983
[2025-07-07] day 129  feasible=False    0.1s  total_release=1,538,878 m3  sat_mean=88.41082539797101
[2025-07-08] day 130  feasible=False    0.1s  total_release=1,551,305 m3  sat_mean=88.35673359198626
[2025-07-09] day 131  feasible=False    0.3s  total_release=1,564,187 m3  sat_mean=88.38217335196134
[2025-07-10] day 132  feasible=False    0.1s  total_release=1,564,294 m3  sat_mean=88.40575877636246
[2025-07-11] day 133  feasible=False    0.1s  total_release=1,564,924 m3  sat_mean=88.51312264475112
[2025-07-12] day 134  feasible=False    0.1s  total_release=1,564,360 m3  sat_mean=88.41678889149665
[2025-07-13] day 135  feasible=False    0.1s  total_release=1,527,518 m3  sat_mean=88.50470997271574
[2025-07-14] day 136  feasible=False    0.1s  total_release=1,490,405 m3  sat_mean=88.55137650232084
[2025-07-15] day 137  feasible=False    0.1s  total_release=1,453,301 m3  sat_mean=88.60448866572023
[2025-07-16] day 138  feasible=False    0.1s  total_release=1,416,342 m3  sat_mean=88.66677741390207
[2025-07-17] day 139  feasible=False    0.1s  total_release=1,385,245 m3  sat_mean=90.04357942580324
[2025-07-18] day 140  feasible=False    0.1s  total_release=1,345,946 m3  sat_mean=89.6587772994417
[2025-07-19] day 141  feasible=False    0.1s  total_release=1,308,870 m3  sat_mean=89.75828417496027
[2025-07-20] day 142  feasible=False    0.1s  total_release=1,308,826 m3  sat_mean=89.74990720739399
[2025-07-21] day 143  feasible=False    0.1s  total_release=1,308,815 m3  sat_mean=89.7460721976633
[2025-07-22] day 144  feasible=False    0.1s  total_release=1,308,785 m3  sat_mean=89.7401596860553
[2025-07-23] day 145  feasible=False    0.1s  total_release=1,158,269 m3  sat_mean=90.02478939872863
[2025-07-24] day 146  feasible=False    0.1s  total_release=1,007,910 m3  sat_mean=90.43682457126744
[2025-07-25] day 147  feasible=False    0.1s  total_release=857,265 m3  sat_mean=90.91430915786523
[2025-07-26] day 148  feasible=False    0.1s  total_release=706,785 m3  sat_mean=91.64946524548108
[2025-07-27] day 149  feasible=False    0.1s  total_release=554,934 m3  sat_mean=92.23580160485216
[2025-07-28] day 150  feasible=False    0.1s  total_release=403,258 m3  sat_mean=93.38996941006411
[2025-07-29] day 151  feasible=False    0.1s  total_release=247,116 m3  sat_mean=90.625
[2025-07-30] day 152  feasible=False    0.1s  total_release=247,116 m3  sat_mean=90.625
[2025-07-31] day 153  feasible=False    0.1s  total_release=247,116 m3  sat_mean=90.625
[2025-08-01] day 154  feasible=False    0.1s  total_release=247,116 m3  sat_mean=90.625
[2025-08-02] day 155  feasible=False    0.1s  total_release=247,116 m3  sat_mean=90.625
[2025-08-03] day 156  feasible=False    0.1s  total_release=247,116 m3  sat_mean=90.625
[2025-08-04] day 157  feasible=False    0.1s  total_release=247,116 m3  sat_mean=90.625
[2025-08-05] day 158  feasible=False    0.1s  total_release=247,116 m3  sat_mean=90.625
[2025-08-06] day 159  feasible=False    0.1s  total_release=247,116 m3  sat_mean=90.625
[2025-08-07] day 160  feasible=False    0.1s  total_release=247,116 m3  sat_mean=90.625
[2025-08-08] day 161  feasible=False    0.1s  total_release=246,914 m3  sat_mean=90.44652878606877
[2025-08-09] day 162  feasible=False    0.1s  total_release=247,116 m3  sat_mean=90.625
[2025-08-10] day 163  feasible=False    0.1s  total_release=248,103 m3  sat_mean=89.73214285714286
[2025-08-11] day 164  feasible=False    0.1s  total_release=247,801 m3  sat_mean=89.73214285714286
[2025-08-12] day 165  feasible=False    0.1s  total_release=247,326 m3  sat_mean=89.31119871554671
[2025-08-13] day 166  feasible=False    0.1s  total_release=247,407 m3  sat_mean=89.3665487878082
[2025-08-14] day 167  feasible=False    0.1s  total_release=247,772 m3  sat_mean=89.70628534289315
[2025-08-15] day 168  feasible=False    0.1s  total_release=247,716 m3  sat_mean=89.65689286855527
[2025-08-16] day 169  feasible=False    0.1s  total_release=247,660 m3  sat_mean=89.60750925544349
[2025-08-17] day 170  feasible=False    0.1s  total_release=247,801 m3  sat_mean=89.73214285714286
[2025-08-18] day 171  feasible=False    0.1s  total_release=247,801 m3  sat_mean=89.73214285714286
[2025-08-19] day 172  feasible=False    0.1s  total_release=247,456 m3  sat_mean=89.4264300998829
[2025-08-20] day 173  feasible=False    0.1s  total_release=247,297 m3  sat_mean=89.28571428571428
[2025-08-21] day 174  feasible=False    0.1s  total_release=247,753 m3  sat_mean=89.68982118478053
[2025-08-22] day 175  feasible=False    0.1s  total_release=243,815 m3  sat_mean=81.45787983639556
[2025-08-23] day 176  feasible=False    0.1s  total_release=244,375 m3  sat_mean=82.06573328721208
[2025-08-24] day 177  feasible=False    0.1s  total_release=241,544 m3  sat_mean=78.75443437858146
[2025-08-25] day 178  feasible=False    0.1s  total_release=241,084 m3  sat_mean=78.3645256844637
[2025-08-26] day 179  feasible=False    0.1s  total_release=241,732 m3  sat_mean=79.05938004465347
[2025-08-27] day 180  feasible=False    0.1s  total_release=241,031 m3  sat_mean=78.28993229911268
[2025-08-28] day 181  feasible=False    0.1s  total_release=241,011 m3  sat_mean=78.25380374422534
[2025-08-29] day 182  feasible=False    0.1s  total_release=241,011 m3  sat_mean=78.25380374422534
[2025-08-30] day 183  feasible=False    0.1s  total_release=241,027 m3  sat_mean=78.28315704124674
[2025-08-31] day 184  feasible=False    0.1s  total_release=241,141 m3  sat_mean=78.38397782540034
=== baseline_comparator finished at 2025-08-31 ===
