
=== run_simulation starting  2025-03-01 .. 2025-03-15  (completed days are skipped) ===
tanks: 32   yala demand: season_days=130  duration_class=105
[2025-03-01] day 1/184  feasible=True    373.2s  total_storage=52,818,236 m3
[2025-03-02] day 2/184  feasible=True    754.2s  total_storage=52,925,264 m3
[2025-03-03] day 3/184  feasible=True    422.1s  total_storage=52,972,025 m3
[2025-03-04] day 4/184  feasible=True    422.9s  total_storage=53,028,117 m3
[2025-03-05] day 5/184  feasible=True    450.2s  total_storage=53,035,468 m3
[2025-03-06] day 6/184  feasible=True    434.6s  total_storage=52,893,584 m3
[2025-03-07] day 7/184  feasible=True    423.3s  total_storage=52,906,629 m3
[2025-03-08] day 8/184  feasible=True    413.6s  total_storage=52,846,861 m3
[2025-03-09] day 9/184  feasible=True    402.9s  total_storage=52,842,045 m3
[2025-03-10] day 10/184  feasible=True    428.6s  total_storage=52,785,794 m3
[2025-03-11] day 11/184  feasible=True    372.2s  total_storage=52,568,823 m3
[2025-03-12] day 12/184  feasible=True    374.9s  total_storage=52,712,465 m3
[2025-03-13] day 13/184  feasible=True    342.6s  total_storage=53,371,268 m3
[2025-03-14] day 14/184  feasible=True    345.3s  total_storage=53,240,257 m3
[2025-03-15] day 15/184  feasible=True    356.4s  total_storage=53,066,735 m3
[summary_01] 2025-03-01..2025-03-15  15 day(s) aggregated -> output\summary_01
=== run_simulation stopped/finished at 2025-03-15 ===

=== run_simulation starting  2025-03-01 .. 2025-03-01  (completed days are skipped) ===
tanks: 32   yala demand: season_days=130  duration_class=105
[2025-03-01] already complete - skipping
[summary_01] 2025-03-01..2025-03-01  1 day(s) aggregated -> output\summary_01
=== run_simulation stopped/finished at 2025-03-01 ===
