
╔════════════════════════════════════════════════════════════════════════╗
║ MODULE 4  -  MO-MPC RECEDING-HORIZON RUN                               ║
║ season=maha  days=1  horizon T=7  K=20  pop=200  gens=300              ║
╚════════════════════════════════════════════════════════════════════════╝
  ▶ loading static inputs (tank params, demand, alpha, rainfall) ...
  ✓ loading static inputs (tank params, demand, alpha, rainfall)  (0.0s)
    cascade               : 32 tanks
    rainfall history      : 552 days
    storage mode          : advance internally from day-0 releases (closed-loop simulation)

╔════════════════════════════════════════════════════════════════════════╗
║ DAY 1 / 1                                                              ║
║ season day 1 of 1 (maha)   |   planning days 1-7                       ║
╚════════════════════════════════════════════════════════════════════════╝
── OBSERVE ──────────────────────────── Module 1 storage + Module 3 risk 
  [!] Module 3 rejected 2 tank(s) for 2026-07-30: ['Kudaittikattiya_Wewa', 'Galwaduwawa_Wewa'] - using neutral (1/3, 1/3, 1/3) fallback risk for them today; their t+1..t+7 forecast is unavailable (NaN).
  [!] Module 3 has no live t+1 storage for 2 tank(s) today: ['Kudaittikattiya_Wewa', 'Galwaduwawa_Wewa'] - falling back to data/tank_storage.csv for just those tanks.
    history window        : 552 days × 32 tanks (C = 0.16)
    gamma mean range      : 600 m³ … 91,070 m³ /day
    gamma std range       : 685 m³ … 101,190 m³ /day
    scenario tensor       : K=20 × N=32 × T=7
    mean inflow           : 3,521 m³ /tank/day
    max sampled inflow    : 287,450 m³ /tank/day
    dry-day share         : history 54.5%  sampled 53.9%  (wet-day threshold 1 mm)
── CONSTRAINTS ────────────────────────────── reference-plan feasibility 
    C3 initial-storage diagnostic (all tanks)
    tank                           S_current         S_min          S_max      C3 floor    % cap  below floor    deficit
    ────────────────────────────────────────────────────────────────────────────────────────────────────────────────────
    Tawalanhalmillewa_Wewa          1,920 m³      2,652 m³      26,525 m³      3,979 m³     7.2%  YES           2,058 m³
    Settikulama_Wewa                3,325 m³      1,223 m³      12,233 m³      1,835 m³    27.2%  NO                0 m³
    Pansala_Wewa                   82,735 m³     29,612 m³     296,117 m³     44,418 m³    27.9%  NO                0 m³
    Kudaittikattiya_Wewa           29,967 m³         58 m³         576 m³         86 m³  5202.6%  NO                0 m³
    Maha_Ittikattiya_Wewa         112,402 m³     36,259 m³     362,588 m³     54,388 m³    31.0%  NO                0 m³
    Ulankulama_Wewa               123,136 m³     20,974 m³     209,736 m³     31,460 m³    58.7%  NO                0 m³
    Amane_Wewa                    114,379 m³     13,456 m³     134,564 m³     20,185 m³    85.0%  NO                0 m³
    Ihala_Amanakkattuwa_Wewa        1,774 m³      3,425 m³      34,252 m³      5,138 m³     5.2%  YES           3,364 m³
    Ethiniwetuna_Wewa              34,211 m³      4,915 m³      49,154 m³      7,373 m³    69.6%  NO                0 m³
    Pahala_Amanakkattuwa_Wewa      28,410 m³      5,958 m³      59,585 m³      8,938 m³    47.7%  NO                0 m³
    Walagambahuwa_Wewa            100,145 m³     28,386 m³     283,859 m³     42,579 m³    35.3%  NO                0 m³
    Wendarakulama_Wewa             45,195 m³      9,481 m³      94,807 m³     14,221 m³    47.7%  NO                0 m³
    Marikkaragama_Wewa             27,035 m³      7,348 m³      73,483 m³     11,022 m³    36.8%  NO                0 m³
    Periyakulama_Wewa             430,828 m³     98,452 m³     984,524 m³    147,679 m³    43.8%  NO                0 m³
    Mawatha_Wewa                   38,087 m³     15,784 m³     157,840 m³     23,676 m³    24.1%  NO                0 m³
    Meegassegama_Wewa             112,298 m³     23,985 m³     239,850 m³     35,978 m³    46.8%  NO                0 m³
    Mahakanumulla_Wewa             63,087 m³     85,949 m³     859,489 m³    128,923 m³     7.3%  YES          65,837 m³
    Manakkulama_Wewa                  461 m³      3,938 m³      39,382 m³      5,907 m³     1.2%  YES           5,447 m³
    Kuda_Kanumulla_Wewa            92,900 m³     17,087 m³     170,867 m³     25,630 m³    54.4%  NO                0 m³
    Wagayakulama_Wewa              14,922 m³      4,675 m³      46,749 m³      7,012 m³    31.9%  NO                0 m³
    Wagayakulama                    5,244 m³      7,039 m³      70,393 m³     10,559 m³     7.4%  YES           5,315 m³
    Alittana_Wewa                  50,875 m³     50,173 m³     501,726 m³     75,259 m³    10.1%  YES          24,384 m³
    Wannanmaduwa_Wewa             451,754 m³    114,195 m³   1,141,946 m³    171,292 m³    39.6%  NO                0 m³
    Wellamaduwa_Wewa               63,756 m³     21,416 m³     214,163 m³     32,124 m³    29.8%  NO                0 m³
    Sembukulama_Wewa               14,152 m³     20,247 m³     202,468 m³     30,370 m³     7.0%  YES          16,218 m³
    Hammillakulama_Wewa           162,902 m³     20,057 m³     200,569 m³     30,085 m³    81.2%  NO                0 m³
    Tirappane_Wewa                286,422 m³     53,347 m³     533,473 m³     80,021 m³    53.7%  NO                0 m³
    Todamaduwa_Wewa               137,246 m³     68,214 m³     682,139 m³    102,321 m³    20.1%  NO                0 m³
    Galwaduwawa_Wewa               38,269 m³        806 m³       8,057 m³      1,209 m³   475.0%  NO                0 m³
    Galkulama_Wewa                 67,213 m³     18,577 m³     185,774 m³     27,866 m³    36.2%  NO                0 m³
    Nachchaduwa_Wewa           40,971,082 m³  5,550,133 m³  55,501,330 m³  8,325,199 m³    73.8%  NO                0 m³
    Irahandaketu_Wewa              32,865 m³      7,369 m³      73,688 m³     11,053 m³    44.6%  NO                0 m³
    tanks below C3 floor  : 7
    total initial C3 deficit: 122,621 m³
    worst offending tank  : Mahakanumulla_Wewa
    largest deficit       : 65,837 m³
    C3 floor is baseline-relative: S(t) >= min(S_base(t), S_min + 5%*S_max)
    the no-action plan reproduces S_base, so a feasible plan always exists
    C3 horizon total below uses optimised tanks only to match the constraint table
    C3 horizon diagnostic (optimised tanks only, floor = baseline-relative)
    tank                          Day 1     Day 2     Day 3     Day 4     Day 5     Day 6      Day 7   enforced    absolute  share
    ──────────────────────────────────────────────────────────────────────────────────────────────────────────────────────────────
    Mahakanumulla_Wewa             0 m³      0 m³      0 m³      0 m³      0 m³      0 m³       0 m³       0 m³  388,089 m³  53.5%
    Alittana_Wewa              1,374 m³  2,574 m³  3,200 m³  3,902 m³  5,446 m³  6,313 m³   7,028 m³  29,838 m³  175,604 m³  24.2%
    Sembukulama_Wewa               0 m³      0 m³      0 m³  4,335 m³  9,034 m³  9,383 m³  10,123 m³  32,875 m³   73,735 m³  10.2%
    Wagayakulama                   0 m³    491 m³  2,083 m³  3,184 m³  3,520 m³  3,520 m³   3,520 m³  16,316 m³   24,681 m³   3.4%
    Galkulama_Wewa                 0 m³      0 m³      0 m³      0 m³    596 m³  8,817 m³   9,927 m³  19,340 m³   19,340 m³   2.7%
    Manakkulama_Wewa               0 m³  1,241 m³  1,969 m³  1,969 m³    838 m³  1,833 m³   1,969 m³   9,819 m³   12,882 m³   1.8%
    Ihala_Amanakkattuwa_Wewa       0 m³    465 m³  1,713 m³  1,713 m³  1,713 m³  1,713 m³   1,713 m³   9,028 m³   12,727 m³   1.8%
    Tawalanhalmillewa_Wewa     1,326 m³  1,326 m³  1,326 m³  1,326 m³  1,326 m³  1,326 m³   1,326 m³   9,284 m³    9,284 m³   1.3%
    Pahala_Amanakkattuwa_Wewa      0 m³      0 m³      0 m³      0 m³  2,249 m³  2,979 m³   3,304 m³   8,532 m³    8,532 m³   1.2%
    Pansala_Wewa                   0 m³      0 m³      0 m³      0 m³      0 m³      0 m³       0 m³       0 m³        0 m³   0.0%
    Maha_Ittikattiya_Wewa          0 m³      0 m³      0 m³      0 m³      0 m³      0 m³       0 m³       0 m³        0 m³   0.0%
    Ulankulama_Wewa                0 m³      0 m³      0 m³      0 m³      0 m³      0 m³       0 m³       0 m³        0 m³   0.0%
    Amane_Wewa                     0 m³      0 m³      0 m³      0 m³      0 m³      0 m³       0 m³       0 m³        0 m³   0.0%
    Ethiniwetuna_Wewa              0 m³      0 m³      0 m³      0 m³      0 m³      0 m³       0 m³       0 m³        0 m³   0.0%
    Walagambahuwa_Wewa             0 m³      0 m³      0 m³      0 m³      0 m³      0 m³       0 m³       0 m³        0 m³   0.0%
    Wendarakulama_Wewa             0 m³      0 m³      0 m³      0 m³      0 m³      0 m³       0 m³       0 m³        0 m³   0.0%
    Marikkaragama_Wewa             0 m³      0 m³      0 m³      0 m³      0 m³      0 m³       0 m³       0 m³        0 m³   0.0%
    Periyakulama_Wewa              0 m³      0 m³      0 m³      0 m³      0 m³      0 m³       0 m³       0 m³        0 m³   0.0%
    Mawatha_Wewa                   0 m³      0 m³      0 m³      0 m³      0 m³      0 m³       0 m³       0 m³        0 m³   0.0%
    Meegassegama_Wewa              0 m³      0 m³      0 m³      0 m³      0 m³      0 m³       0 m³       0 m³        0 m³   0.0%
    Kuda_Kanumulla_Wewa            0 m³      0 m³      0 m³      0 m³      0 m³      0 m³       0 m³       0 m³        0 m³   0.0%
    Wagayakulama_Wewa              0 m³      0 m³      0 m³      0 m³      0 m³      0 m³       0 m³       0 m³        0 m³   0.0%
    Wannanmaduwa_Wewa              0 m³      0 m³      0 m³      0 m³      0 m³      0 m³       0 m³       0 m³        0 m³   0.0%
    Wellamaduwa_Wewa               0 m³      0 m³      0 m³      0 m³      0 m³      0 m³       0 m³       0 m³        0 m³   0.0%
    Hammillakulama_Wewa            0 m³      0 m³      0 m³      0 m³      0 m³      0 m³       0 m³       0 m³        0 m³   0.0%
    Tirappane_Wewa                 0 m³      0 m³      0 m³      0 m³      0 m³      0 m³       0 m³       0 m³        0 m³   0.0%
    Todamaduwa_Wewa                0 m³      0 m³      0 m³      0 m³      0 m³      0 m³       0 m³       0 m³        0 m³   0.0%
    Irahandaketu_Wewa              0 m³      0 m³      0 m³      0 m³      0 m³      0 m³       0 m³       0 m³        0 m³   0.0%
    Top 10 tanks by ABSOLUTE reserve deficit
    tank                        enforced    absolute  share
    ───────────────────────────────────────────────────────
    Mahakanumulla_Wewa              0 m³  388,089 m³  53.5%
    Alittana_Wewa              29,838 m³  175,604 m³  24.2%
    Sembukulama_Wewa           32,875 m³   73,735 m³  10.2%
    Wagayakulama               16,316 m³   24,681 m³   3.4%
    Galkulama_Wewa             19,340 m³   19,340 m³   2.7%
    Manakkulama_Wewa            9,819 m³   12,882 m³   1.8%
    Ihala_Amanakkattuwa_Wewa    9,028 m³   12,727 m³   1.8%
    Tawalanhalmillewa_Wewa      9,284 m³    9,284 m³   1.3%
    Pahala_Amanakkattuwa_Wewa   8,532 m³    8,532 m³   1.2%
    Pansala_Wewa                    0 m³        0 m³   0.0%
    C3 violation (enforced): 135,031 m³
    reserve deficit (absolute): 724,873 m³
    reference plan = min(demand, R_max), i.e. 'release exactly what is asked'
    constraints evaluated on the optimised tanks only (terminal sink monitored, not enforced)
        constraint             rule                                reference plan  violation
    ────────────────────────────────────────────────────────────────────────────────────────
    C1  storage bounds         S_min <= S <= S_max                 VIOLATED              962
    C2  release bounds         0 <= R <= R_max                     satisfied               -
    C3  seasonal safety floor  S >= min(S_base, S_min + 5%*S_max)  VIOLATED          135,031
    C4  mass conservation      sum R(t) <= sum S + sum Q(t)        satisfied               -
    C5  non-negativity         R >= 0 and S >= 0                   satisfied               -
    ! binding on the reference plan: C1 (storage bounds), C3 (seasonal safety floor) -> NSGA-II must trade demand away here
── OPTIMISE ──────────────────────────────────────────────────── NSGA-II 
  ▶ searching the Pareto front ...
    search space          : 28 tanks x 7 days = 196 decision variables
    budget                : 200 individuals x 300 gens = 60,000 evaluations (x 20 scenarios each)
    gen    1/300  ░░░░░░░░░░░░░░░░░░░░   0.3%  front    1  feas   2/200  f1  226.14k  f2    6.49k  eta 5m 18.7s
    gen   10/300  █░░░░░░░░░░░░░░░░░░░   3.3%  front    2  feas   7/200  f1  226.14k  f2    6.49k  eta 5m 10.1s
    gen   20/300  █░░░░░░░░░░░░░░░░░░░   6.7%  front    3  feas 200/200  f1  226.14k  f2    6.49k  eta 5m 12.7s
    gen   30/300  ██░░░░░░░░░░░░░░░░░░  10.0%  front   38  feas 200/200  f1  226.14k  f2    6.06k  eta 5m 18.7s
    gen   40/300  ███░░░░░░░░░░░░░░░░░  13.3%  front  164  feas 200/200  f1  226.14k  f2    5.53k  eta 5m 10.5s
    gen   50/300  ███░░░░░░░░░░░░░░░░░  16.7%  front  200  feas 200/200  f1  226.14k  f2    4.87k  eta 4m 58.4s
    gen   60/300  ████░░░░░░░░░░░░░░░░  20.0%  front  200  feas 200/200  f1  226.14k  f2    4.60k  eta 4m 45.0s
    gen   70/300  █████░░░░░░░░░░░░░░░  23.3%  front  200  feas 200/200  f1  225.46k  f2    4.52k  eta 4m 31.5s
    gen   80/300  █████░░░░░░░░░░░░░░░  26.7%  front  200  feas 200/200  f1  225.46k  f2    4.36k  eta 4m 29.1s
    gen   90/300  ██████░░░░░░░░░░░░░░  30.0%  front  200  feas 200/200  f1  225.28k  f2    4.26k  eta 4m 20.4s
    gen  100/300  ███████░░░░░░░░░░░░░  33.3%  front  200  feas 200/200  f1  225.28k  f2    4.25k  eta 4m 05.6s
    gen  110/300  ███████░░░░░░░░░░░░░  36.7%  front  200  feas 200/200  f1  224.35k  f2    4.24k  eta 3m 56.8s
    gen  120/300  ████████░░░░░░░░░░░░  40.0%  front  200  feas 200/200  f1  223.89k  f2    4.19k  eta 3m 45.8s
    gen  130/300  █████████░░░░░░░░░░░  43.3%  front  200  feas 200/200  f1  223.89k  f2    4.14k  eta 3m 31.4s
    gen  140/300  █████████░░░░░░░░░░░  46.7%  front  200  feas 200/200  f1  223.71k  f2    4.14k  eta 3m 18.1s
    gen  150/300  ██████████░░░░░░░░░░  50.0%  front  200  feas 200/200  f1  223.71k  f2    4.02k  eta 3m 04.5s
    gen  160/300  ███████████░░░░░░░░░  53.3%  front  200  feas 200/200  f1  223.71k  f2    3.97k  eta 2m 50.9s
    gen  170/300  ███████████░░░░░░░░░  56.7%  front  200  feas 200/200  f1  223.54k  f2    3.90k  eta 2m 37.9s
    gen  180/300  ████████████░░░░░░░░  60.0%  front  200  feas 200/200  f1  223.47k  f2    3.87k  eta 2m 25.5s
    gen  190/300  █████████████░░░░░░░  63.3%  front  200  feas 200/200  f1  223.42k  f2    3.84k  eta 2m 14.0s
    gen  200/300  █████████████░░░░░░░  66.7%  front  200  feas 200/200  f1  223.42k  f2    3.74k  eta 2m 01.6s
    gen  210/300  ██████████████░░░░░░  70.0%  front  200  feas 200/200  f1  223.42k  f2    3.70k  eta 1m 49.6s
    gen  220/300  ███████████████░░░░░  73.3%  front  200  feas 200/200  f1  223.42k  f2    3.70k  eta 1m 38.5s
    gen  230/300  ███████████████░░░░░  76.7%  front  200  feas 200/200  f1  223.34k  f2    3.69k  eta 1m 26.4s
    gen  240/300  ████████████████░░░░  80.0%  front  200  feas 200/200  f1  223.06k  f2    3.69k  eta 1m 14.0s
    gen  250/300  █████████████████░░░  83.3%  front  200  feas 200/200  f1  222.56k  f2    3.63k  eta 1m 01.4s
    gen  260/300  █████████████████░░░  86.7%  front  200  feas 200/200  f1  222.56k  f2    3.62k  eta 49.0s
    gen  270/300  ██████████████████░░  90.0%  front  200  feas 200/200  f1  222.56k  f2    3.60k  eta 36.7s
    gen  280/300  ███████████████████░  93.3%  front  200  feas 200/200  f1  222.56k  f2    3.59k  eta 24.5s
    gen  290/300  ███████████████████░  96.7%  front  200  feas 200/200  f1  221.32k  f2    3.59k  eta 12.2s
    gen  300/300  ████████████████████ 100.0%  front  200  feas 200/200  f1  221.32k  f2    3.59k  eta 0.0s
    evaluations           : 60,000 candidate release plans
  ✓ searching the Pareto front  (6m 07.6s)
    C3 tier               : hard
    pareto front          : 200 non-dominated solutions
    f1 shortage range     : 221,324 m³ … 613,281 m³
    f2 overflow range     : 3,586 m³ … 18,810 m³
    search time           : 6m 07.6s
── DECIDE ──────────────────────────────────── Option A weights + TOPSIS 
  ✓ selected rank 1 (closeness 0.8687)
      f1 shortage           : 229,555 m³
      f2 overflow           : 5,762 m³
      f3 equity             : 67.9453
      f4 water loss         : 5,403 m³
      total release         : 3,421,086 m³
      total consumed        : 3,415,779 m³
      total return flow     : 5,307 m³
      total channel loss    : 832 m³
      Tank                          Demand    Release   Consumed  Return Flow  Satisfaction %
      ───────────────────────────────────────────────────────────────────────────────────────
      Tawalanhalmillewa_Wewa       20558.3    9264.61    9264.61          0.0            45.1
      Settikulama_Wewa             24669.4    2101.74    2101.74          0.0             8.5
      Pansala_Wewa                 24669.4   23902.07   23901.32         0.75            96.9
      Kudaittikattiya_Wewa         20558.3      604.8      604.8          0.0             2.9
      Maha_Ittikattiya_Wewa        37004.8   36607.83   36607.75         0.07            98.9
      Ulankulama_Wewa              24669.4   23760.73   23740.81        19.92            96.2
      Amane_Wewa                   31248.0    34787.3   30506.82      4280.48            97.6
      Ihala_Amanakkattuwa_Wewa     24669.4    8953.75    8953.75          0.0            36.3
      Ethiniwetuna_Wewa            24669.4   23197.97   23195.97          2.0            94.0
      Pahala_Amanakkattuwa_Wewa    28781.2   16495.36   16465.08        30.28            57.2
      Walagambahuwa_Wewa           23025.1   22975.94   22975.68         0.26            99.8
      Wendarakulama_Wewa           18502.4   18024.01   18020.42         3.59            97.4
      Marikkaragama_Wewa           31248.0   30903.02   30898.75         4.27            98.9
      Periyakulama_Wewa            16446.5   16305.59   16299.43         6.16            99.1
      Mawatha_Wewa                 10278.8   10078.91   10076.86         2.05            98.0
      Meegassegama_Wewa            15624.0   14661.19   14653.94         7.24            93.8
      Mahakanumulla_Wewa           19735.8        0.0        0.0          0.0             0.0
      Manakkulama_Wewa             24669.4   11532.93   11524.98         7.95            46.7
      Kuda_Kanumulla_Wewa          24669.4   24684.53   24655.25        29.27            99.9
      Wagayakulama_Wewa            14801.5   14794.71    14778.7        16.01            99.8
      Wagayakulama                 24669.4    3937.14    3937.14          0.0            16.0
      Alittana_Wewa                44405.2       0.01       0.01          0.0             0.0
      Wannanmaduwa_Wewa            74008.9   56769.54   56767.95         1.59            76.7
      Wellamaduwa_Wewa              3289.3    3287.64     3287.5         0.13            99.9
      Sembukulama_Wewa             32893.0     530.89     530.89          0.0             1.6
      Hammillakulama_Wewa          23847.6   24492.92   23770.72        722.2            99.7
      Tirappane_Wewa               37004.8    35486.3   35480.95         5.35            95.9
      Todamaduwa_Wewa              24669.4   24754.93   24629.99       124.94            99.8
      Galwaduwawa_Wewa              8222.9     8222.9     8222.9          0.0           100.0
      Galkulama_Wewa               51395.4   30355.12   30355.12          0.0            59.1
      Nachchaduwa_Wewa           2878127.0  2878127.0  2878127.0          0.0           100.0
      Irahandaketu_Wewa            11512.2   11484.17   11441.94        42.23            99.4
      Tank                       Storage Start  Local Inflow  Upstream Inflow    Release   Consumed  Storage End
      ──────────────────────────────────────────────────────────────────────────────────────────────────────────
      Tawalanhalmillewa_Wewa            1920.4       17122.4              0.0    9264.61    9264.61      4395.19
      Settikulama_Wewa                 3325.04      20404.64              0.0    2101.74    2101.74      12233.4
      Pansala_Wewa                    82735.15        2376.6              0.0   23902.07   23901.32     57667.68
      Kudaittikattiya_Wewa             29967.1       7528.28              0.0      604.8      604.8        576.0
      Maha_Ittikattiya_Wewa          112402.43      31422.04              0.0   36607.83   36607.75     94893.15
      Ulankulama_Wewa                123136.01      30637.19             0.69   23760.73   23740.81    124203.15
      Amane_Wewa                     114379.15      25593.89              0.0    34787.3   30506.82    102354.23
      Ihala_Amanakkattuwa_Wewa         1774.25      12595.32          4063.48    8953.75    8953.75       6644.3
      Ethiniwetuna_Wewa               34210.91      12396.41              0.0   23197.97   23195.97     20548.44
      Pahala_Amanakkattuwa_Wewa       28409.94       1310.61             3.76   16495.36   16465.08     10113.94
      Walagambahuwa_Wewa             100145.49      15460.08              0.0   22975.94   22975.68     89514.63
      Wendarakulama_Wewa              45194.54       8640.04              0.0   18024.01   18020.42     30427.57
      Marikkaragama_Wewa              27034.51      22487.22              0.0   30903.02   30898.75      14793.2
      Periyakulama_Wewa              430827.61      40164.73            18.83   16305.59   16299.43    446207.59
      Mawatha_Wewa                    38086.74      16396.93              0.0   10078.91   10076.86     37324.26
      Meegassegama_Wewa              112297.77      25371.73             3.32   14661.19   14653.94    120887.13
      Mahakanumulla_Wewa              63086.52       22404.8            28.05        0.0        0.0     79429.37
      Manakkulama_Wewa                  460.76      24897.79             4.32   11532.93   11524.98      7174.35
      Kuda_Kanumulla_Wewa              92900.5       8698.09             7.27   24684.53   24655.25     71398.32
      Wagayakulama_Wewa               14922.15      16521.94              0.0   14794.71    14778.7     11126.39
      Wagayakulama                      5244.3      12858.47              0.0    3937.14    3937.14     11057.63
      Alittana_Wewa                   50875.04       7459.44              6.6       0.01       0.01     57207.07
      Wannanmaduwa_Wewa              451753.76      39578.01             6.69   56769.54   56767.95    401000.42
      Wellamaduwa_Wewa                63756.38      22309.06              0.0    3287.64     3287.5     75413.81
      Sembukulama_Wewa                14152.49      21479.92             8.52     530.89     530.89     30437.53
      Hammillakulama_Wewa            162902.22       27546.9              0.0   24492.92   23770.72     160856.7
      Tirappane_Wewa                 286421.65      32560.72              0.0    35486.3   35480.95    259983.08
      Todamaduwa_Wewa                137246.41       17093.5             1.26   24754.93   24629.99    121938.73
      Galwaduwawa_Wewa                 38269.3       5726.58              0.0     8222.9     8222.9      4485.88
      Galkulama_Wewa                  67213.11       3844.56            39.55   30355.12   30355.12      31677.1
      Nachchaduwa_Wewa             40971081.58     230828.49           282.09  2878127.0  2878127.0  37904103.67
      Irahandaketu_Wewa               32864.67       5080.91              0.0   11484.17   11441.94     22779.41
── CROSS-CHECK ───────────────────────── simulation vs Module 3 forecast 
  ▶ comparing trajectory shape (ratio basis) ...
  ✓ comparing trajectory shape (ratio basis)  (0.0s)
    direction agreement   : 76.7%  (30 tanks, 210 comparisons)
    mean |ratio diff|     : 0.2432
    max  |ratio diff|     : 3.3548
    ! 11 tank(s) diverge beyond 15%: Ethiniwetuna_Wewa, Galkulama_Wewa, Ihala_Amanakkattuwa_Wewa, Manakkulama_Wewa, Marikkaragama_Wewa, Pahala_Amanakkattuwa_Wewa, Sembukulama_Wewa, Settikulama_Wewa, Tawalanhalmillewa_Wewa, Wagayakulama, Wagayakulama_Wewa
── ACT ─────────────────────────── day-0 release (days 1..T-1 discarded) 
    total release today   : 488,688 m³
    tanks releasing       : 32 of 32
    tank                      release  share
    ────────────────────────────────────────
    Nachchaduwa_Wewa       411,161 m³  84.1%
    Galkulama_Wewa           7,341 m³   1.5%
    Maha_Ittikattiya_Wewa    5,265 m³   1.1%
── SHIFT ───────────────────────────────────── one-day state propagation 
    storage today         : 43,738,998 m³
    storage tomorrow      : 43,217,789 m³
    net change            : −521,209 m³
    ! 59,913 m³ spilled over S_max overnight
  ✓ day 1 complete  (6m 07.6s)

╔════════════════════════════════════════════════════════════════════════╗
║ SEASON SUMMARY                                                         ║
╚════════════════════════════════════════════════════════════════════════╝
    days simulated        : 1
    feasible decisions    : 1 / 1 (100.0%)
    infeasible days       : 0
    C3 hard / relaxed     : 1 / 0
    cross-checks stored   : 1
    total runtime         : 6m 07.7s
    mean per day          : 6m 07.7s
    mean daily release    : 488,688 m³
    season release total  : 488,688 m³
  ▶ writing CSV outputs ...
  ✓ writing CSV outputs  (0.0s)
    decisions             : outputs/mpc_decisions.csv
    weights               : outputs/topsis_weights_log.csv
    crosscheck            : outputs/module3_crosscheck.csv
    consolidated_decisions: outputs/consolidated_mpc_decisions.csv
    consolidated_weights  : outputs/consolidated_topsis_weights_log.csv
    consolidated_crosscheck: outputs/consolidated_module3_crosscheck.csv
