Running simulation 2025-03-01 .. 2025-03-30
Season      -> yala   duration 135 days
Forecast    -> data/module4_forecasts_mar_aug_2025.csv
Output      -> stop_test_preexisting
Scratch     -> _sim_scratch
Consolidated output -> ON (also writing run-wide CSVs alongside the per-day folders)

=== run_simulation starting  2025-03-01 .. 2025-03-30  (completed days are skipped) ===
tanks: 32   yala demand: season_days=160  duration_class=135
Simulation day 1  (2025-03-01)

╔════════════════════════════════════════════════════════════════════════╗
║ MODULE 4  -  MO-MPC RECEDING-HORIZON RUN                               ║
║ season=yala  days=1  horizon T=7  K=20  pop=200  gens=300              ║
╚════════════════════════════════════════════════════════════════════════╝
  ▶ loading static inputs (tank params, demand, alpha, rainfall) ...
  ✓ loading static inputs (tank params, demand, alpha, rainfall)  (0.0s)
    cascade               : 32 tanks
    rainfall history      : 552 days
    storage mode          : reload tank_storage.csv daily (deployment)

╔════════════════════════════════════════════════════════════════════════╗
║ DAY 1 / 1                                                              ║
║ season day 1 of 1 (yala)   |   planning days 1-7                       ║
╚════════════════════════════════════════════════════════════════════════╝
── OBSERVE ──────────────────────────── Module 1 storage + Module 3 risk 
  [!] Module 3 rejected 2 tank(s) for 2026-07-29: ['Kudaittikattiya_Wewa', 'Galwaduwawa_Wewa'] - using neutral (1/3, 1/3, 1/3) fallback risk for them today; their t+1..t+7 forecast is unavailable (NaN).
  [!] Module 3 has no live t+1 storage for 2 tank(s) today: ['Kudaittikattiya_Wewa', 'Galwaduwawa_Wewa'] - falling back to _sim_scratch\tank_storage.csv for just those tanks.
    history window        : 552 days × 32 tanks (C = 0.16)
    gamma mean range      : 600 m³ … 91,070 m³ /day
    gamma std range       : 685 m³ … 101,190 m³ /day
    scenario tensor       : K=20 × N=32 × T=7
    mean inflow           : 3,521 m³ /tank/day
    max sampled inflow    : 287,450 m³ /tank/day
    dry-day share         : history 54.5%  sampled 53.9%  (wet-day threshold 1 mm)
── CONSTRAINTS ────────────────────────────── reference-plan feasibility 
    C3 initial-storage diagnostic (all tanks)
    tank                           S_current         S_min          S_max      C3 floor  % cap  below floor    deficit
    ──────────────────────────────────────────────────────────────────────────────────────────────────────────────────
    Tawalanhalmillewa_Wewa          2,032 m³      2,652 m³      26,525 m³      3,979 m³   7.7%  YES           1,947 m³
    Settikulama_Wewa                3,304 m³      1,223 m³      12,233 m³      1,835 m³  27.0%  NO                0 m³
    Pansala_Wewa                   83,298 m³     29,612 m³     296,117 m³     44,418 m³  28.1%  NO                0 m³
    Kudaittikattiya_Wewa                5 m³         58 m³         576 m³         86 m³   0.9%  YES              82 m³
    Maha_Ittikattiya_Wewa         112,294 m³     36,259 m³     362,588 m³     54,388 m³  31.0%  NO                0 m³
    Ulankulama_Wewa               123,052 m³     20,974 m³     209,736 m³     31,460 m³  58.7%  NO                0 m³
    Amane_Wewa                    114,204 m³     13,456 m³     134,564 m³     20,185 m³  84.9%  NO                0 m³
    Ihala_Amanakkattuwa_Wewa        1,976 m³      3,425 m³      34,252 m³      5,138 m³   5.8%  YES           3,161 m³
    Ethiniwetuna_Wewa              33,788 m³      4,915 m³      49,154 m³      7,373 m³  68.7%  NO                0 m³
    Pahala_Amanakkattuwa_Wewa      28,607 m³      5,958 m³      59,585 m³      8,938 m³  48.0%  NO                0 m³
    Walagambahuwa_Wewa            100,515 m³     28,386 m³     283,859 m³     42,579 m³  35.4%  NO                0 m³
    Wendarakulama_Wewa             45,451 m³      9,481 m³      94,807 m³     14,221 m³  47.9%  NO                0 m³
    Marikkaragama_Wewa             27,181 m³      7,348 m³      73,483 m³     11,022 m³  37.0%  NO                0 m³
    Periyakulama_Wewa             434,372 m³     98,452 m³     984,524 m³    147,679 m³  44.1%  NO                0 m³
    Mawatha_Wewa                   38,260 m³     15,784 m³     157,840 m³     23,676 m³  24.2%  NO                0 m³
    Meegassegama_Wewa             112,897 m³     23,985 m³     239,850 m³     35,978 m³  47.1%  NO                0 m³
    Mahakanumulla_Wewa             67,126 m³     85,949 m³     859,489 m³    128,923 m³   7.8%  YES          61,797 m³
    Manakkulama_Wewa                  575 m³      3,938 m³      39,382 m³      5,907 m³   1.5%  YES           5,332 m³
    Kuda_Kanumulla_Wewa            93,379 m³     17,087 m³     170,867 m³     25,630 m³  54.6%  NO                0 m³
    Wagayakulama_Wewa              14,889 m³      4,675 m³      46,749 m³      7,012 m³  31.9%  NO                0 m³
    Wagayakulama                    5,674 m³      7,039 m³      70,393 m³     10,559 m³   8.1%  YES           4,885 m³
    Alittana_Wewa                  54,086 m³     50,173 m³     501,726 m³     75,259 m³  10.8%  YES          21,173 m³
    Wannanmaduwa_Wewa             454,609 m³    114,195 m³   1,141,946 m³    171,292 m³  39.8%  NO                0 m³
    Wellamaduwa_Wewa               63,457 m³     21,416 m³     214,163 m³     32,124 m³  29.6%  NO                0 m³
    Sembukulama_Wewa               15,388 m³     20,247 m³     202,468 m³     30,370 m³   7.6%  YES          14,983 m³
    Hammillakulama_Wewa           162,621 m³     20,057 m³     200,569 m³     30,085 m³  81.1%  NO                0 m³
    Tirappane_Wewa                288,182 m³     53,347 m³     533,473 m³     80,021 m³  54.0%  NO                0 m³
    Todamaduwa_Wewa               140,589 m³     68,214 m³     682,139 m³    102,321 m³  20.6%  NO                0 m³
    Galwaduwawa_Wewa                3,885 m³        806 m³       8,057 m³      1,209 m³  48.2%  NO                0 m³
    Galkulama_Wewa                 68,068 m³     18,577 m³     185,774 m³     27,866 m³  36.6%  NO                0 m³
    Nachchaduwa_Wewa           39,916,556 m³  5,550,133 m³  55,501,330 m³  8,325,199 m³  71.9%  NO                0 m³
    Irahandaketu_Wewa              33,049 m³      7,369 m³      73,688 m³     11,053 m³  44.9%  NO                0 m³
    tanks below C3 floor  : 8
    total initial C3 deficit: 113,360 m³
    worst offending tank  : Mahakanumulla_Wewa
    largest deficit       : 61,797 m³
    C3 floor is baseline-relative: S(t) >= min(S_base(t), S_min + 5%*S_max)
    the no-action plan reproduces S_base, so a feasible plan always exists
    C3 horizon total below uses optimised tanks only to match the constraint table
    C3 horizon diagnostic (optimised tanks only, floor = baseline-relative)
    tank                          Day 1     Day 2     Day 3     Day 4     Day 5      Day 6      Day 7   enforced    absolute  share
    ───────────────────────────────────────────────────────────────────────────────────────────────────────────────────────────────
    Mahakanumulla_Wewa             0 m³      0 m³      0 m³      0 m³      0 m³       0 m³       0 m³       0 m³  359,811 m³  54.7%
    Alittana_Wewa              4,422 m³  5,785 m³  6,412 m³  7,113 m³  8,657 m³   9,524 m³  10,239 m³  52,152 m³  175,441 m³  26.7%
    Sembukulama_Wewa               0 m³      0 m³    956 m³  4,232 m³  7,170 m³  10,123 m³  10,123 m³  32,605 m³   66,887 m³  10.2%
    Wagayakulama                 386 m³    920 m³  2,512 m³  3,520 m³  3,520 m³   3,510 m³   3,520 m³  17,887 m³   24,628 m³   3.7%
    Ihala_Amanakkattuwa_Wewa       0 m³    667 m³  1,180 m³  1,713 m³  1,713 m³   1,713 m³   1,713 m³   8,697 m³   11,992 m³   1.8%
    Manakkulama_Wewa               0 m³  1,355 m³  1,663 m³  1,969 m³      0 m³       0 m³     515 m³   5,502 m³    8,336 m³   1.3%
    Tawalanhalmillewa_Wewa     1,326 m³  1,036 m³    605 m³    988 m³    893 m³   1,326 m³   1,326 m³   7,501 m³    7,501 m³   1.1%
    Pahala_Amanakkattuwa_Wewa      0 m³      0 m³      0 m³      0 m³      0 m³       0 m³   2,201 m³   2,201 m³    2,201 m³   0.3%
    Galkulama_Wewa                 0 m³      0 m³      0 m³      0 m³      0 m³       0 m³     850 m³     850 m³      850 m³   0.1%
    Pansala_Wewa                   0 m³      0 m³      0 m³      0 m³      0 m³       0 m³       0 m³       0 m³        0 m³   0.0%
    Maha_Ittikattiya_Wewa          0 m³      0 m³      0 m³      0 m³      0 m³       0 m³       0 m³       0 m³        0 m³   0.0%
    Ulankulama_Wewa                0 m³      0 m³      0 m³      0 m³      0 m³       0 m³       0 m³       0 m³        0 m³   0.0%
    Amane_Wewa                     0 m³      0 m³      0 m³      0 m³      0 m³       0 m³       0 m³       0 m³        0 m³   0.0%
    Ethiniwetuna_Wewa              0 m³      0 m³      0 m³      0 m³      0 m³       0 m³       0 m³       0 m³        0 m³   0.0%
    Walagambahuwa_Wewa             0 m³      0 m³      0 m³      0 m³      0 m³       0 m³       0 m³       0 m³        0 m³   0.0%
    Wendarakulama_Wewa             0 m³      0 m³      0 m³      0 m³      0 m³       0 m³       0 m³       0 m³        0 m³   0.0%
    Marikkaragama_Wewa             0 m³      0 m³      0 m³      0 m³      0 m³       0 m³       0 m³       0 m³        0 m³   0.0%
    Periyakulama_Wewa              0 m³      0 m³      0 m³      0 m³      0 m³       0 m³       0 m³       0 m³        0 m³   0.0%
    Mawatha_Wewa                   0 m³      0 m³      0 m³      0 m³      0 m³       0 m³       0 m³       0 m³        0 m³   0.0%
    Meegassegama_Wewa              0 m³      0 m³      0 m³      0 m³      0 m³       0 m³       0 m³       0 m³        0 m³   0.0%
    Kuda_Kanumulla_Wewa            0 m³      0 m³      0 m³      0 m³      0 m³       0 m³       0 m³       0 m³        0 m³   0.0%
    Wagayakulama_Wewa              0 m³      0 m³      0 m³      0 m³      0 m³       0 m³       0 m³       0 m³        0 m³   0.0%
    Wannanmaduwa_Wewa              0 m³      0 m³      0 m³      0 m³      0 m³       0 m³       0 m³       0 m³        0 m³   0.0%
    Wellamaduwa_Wewa               0 m³      0 m³      0 m³      0 m³      0 m³       0 m³       0 m³       0 m³        0 m³   0.0%
    Hammillakulama_Wewa            0 m³      0 m³      0 m³      0 m³      0 m³       0 m³       0 m³       0 m³        0 m³   0.0%
    Tirappane_Wewa                 0 m³      0 m³      0 m³      0 m³      0 m³       0 m³       0 m³       0 m³        0 m³   0.0%
    Todamaduwa_Wewa                0 m³      0 m³      0 m³      0 m³      0 m³       0 m³       0 m³       0 m³        0 m³   0.0%
    Irahandaketu_Wewa              0 m³      0 m³      0 m³      0 m³      0 m³       0 m³       0 m³       0 m³        0 m³   0.0%
    Top 10 tanks by ABSOLUTE reserve deficit
    tank                        enforced    absolute  share
    ───────────────────────────────────────────────────────
    Mahakanumulla_Wewa              0 m³  359,811 m³  54.7%
    Alittana_Wewa              52,152 m³  175,441 m³  26.7%
    Sembukulama_Wewa           32,605 m³   66,887 m³  10.2%
    Wagayakulama               17,887 m³   24,628 m³   3.7%
    Ihala_Amanakkattuwa_Wewa    8,697 m³   11,992 m³   1.8%
    Manakkulama_Wewa            5,502 m³    8,336 m³   1.3%
    Tawalanhalmillewa_Wewa      7,501 m³    7,501 m³   1.1%
    Pahala_Amanakkattuwa_Wewa   2,201 m³    2,201 m³   0.3%
    Galkulama_Wewa                850 m³      850 m³   0.1%
    Pansala_Wewa                    0 m³        0 m³   0.0%
    C3 violation (enforced): 127,396 m³
    reserve deficit (absolute): 657,649 m³
    reference plan = min(demand, R_max), i.e. 'release exactly what is asked'
    constraints evaluated on the optimised tanks only (terminal sink monitored, not enforced)
        constraint             rule                                reference plan  violation
    ────────────────────────────────────────────────────────────────────────────────────────
    C1  storage bounds         S_min <= S <= S_max                 satisfied               -
    C2  release bounds         0 <= R <= R_max                     satisfied               -
    C3  seasonal safety floor  S >= min(S_base, S_min + 5%*S_max)  VIOLATED          127,396
    C4  mass conservation      sum R(t) <= sum S + sum Q(t)        satisfied               -
    C5  non-negativity         R >= 0 and S >= 0                   satisfied               -
    ! binding on the reference plan: C3 (seasonal safety floor) -> NSGA-II must trade demand away here
── OPTIMISE ──────────────────────────────────────────────────── NSGA-II 
  ▶ searching the Pareto front ...
    search space          : 28 tanks x 7 days = 196 decision variables
    budget                : 200 individuals x 300 gens = 60,000 evaluations (x 20 scenarios each)
    gen    1/300  ░░░░░░░░░░░░░░░░░░░░   0.3%  front    1  feas   2/200  f1  126.16k  f2    8.63k  eta 9m 38.9s
