
╔════════════════════════════════════════════════════════════════════════╗
║ MODULE 4  -  MO-MPC RECEDING-HORIZON RUN                               ║
║ season=maha  days=1  horizon T=7  K=20  pop=200  gens=300              ║
╚════════════════════════════════════════════════════════════════════════╝
  ▶ loading static inputs (tank params, demand, alpha, rainfall) ...
  ✓ loading static inputs (tank params, demand, alpha, rainfall)  (0.0s)
    cascade               : 32 tanks
    rainfall history      : 552 days
    storage mode          : advance internally from day-0 releases (closed-loop simulation)

╔════════════════════════════════════════════════════════════════════════╗
║ DAY 1 / 1                                                              ║
║ season day 1 of 1 (maha)   |   planning days 1-7                       ║
╚════════════════════════════════════════════════════════════════════════╝
── OBSERVE ──────────────────────────── Module 1 storage + Module 3 risk 
  [!] Module 3 rejected 2 tank(s) for 2026-07-29: ['Kudaittikattiya_Wewa', 'Galwaduwawa_Wewa'] - using neutral (1/3, 1/3, 1/3) fallback risk for them today; their t+1..t+7 forecast is unavailable (NaN).
  [!] Module 3 has no live t+1 storage for 2 tank(s) today: ['Kudaittikattiya_Wewa', 'Galwaduwawa_Wewa'] - falling back to data/tank_storage.csv for just those tanks.
    history window        : 552 days × 32 tanks (C = 0.16)
    gamma mean range      : 600 m³ … 91,070 m³ /day
    gamma std range       : 685 m³ … 101,190 m³ /day
    scenario tensor       : K=20 × N=32 × T=7
    mean inflow           : 3,521 m³ /tank/day
    max sampled inflow    : 287,450 m³ /tank/day
    dry-day share         : history 54.5%  sampled 53.9%  (wet-day threshold 1 mm)
── CONSTRAINTS ────────────────────────────── reference-plan feasibility 
    C3 initial-storage diagnostic (all tanks)
    tank                           S_current         S_min          S_max      C3 floor    % cap  below floor    deficit
    ────────────────────────────────────────────────────────────────────────────────────────────────────────────────────
    Tawalanhalmillewa_Wewa          2,032 m³      2,652 m³      26,525 m³      3,979 m³     7.7%  YES           1,947 m³
    Settikulama_Wewa                3,304 m³      1,223 m³      12,233 m³      1,835 m³    27.0%  NO                0 m³
    Pansala_Wewa                   83,298 m³     29,612 m³     296,117 m³     44,418 m³    28.1%  NO                0 m³
    Kudaittikattiya_Wewa           29,967 m³         58 m³         576 m³         86 m³  5202.6%  NO                0 m³
    Maha_Ittikattiya_Wewa         112,294 m³     36,259 m³     362,588 m³     54,388 m³    31.0%  NO                0 m³
    Ulankulama_Wewa               123,052 m³     20,974 m³     209,736 m³     31,460 m³    58.7%  NO                0 m³
    Amane_Wewa                    114,204 m³     13,456 m³     134,564 m³     20,185 m³    84.9%  NO                0 m³
    Ihala_Amanakkattuwa_Wewa        1,976 m³      3,425 m³      34,252 m³      5,138 m³     5.8%  YES           3,161 m³
    Ethiniwetuna_Wewa              33,788 m³      4,915 m³      49,154 m³      7,373 m³    68.7%  NO                0 m³
    Pahala_Amanakkattuwa_Wewa      28,607 m³      5,958 m³      59,585 m³      8,938 m³    48.0%  NO                0 m³
    Walagambahuwa_Wewa            100,515 m³     28,386 m³     283,859 m³     42,579 m³    35.4%  NO                0 m³
    Wendarakulama_Wewa             45,451 m³      9,481 m³      94,807 m³     14,221 m³    47.9%  NO                0 m³
    Marikkaragama_Wewa             27,181 m³      7,348 m³      73,483 m³     11,022 m³    37.0%  NO                0 m³
    Periyakulama_Wewa             434,372 m³     98,452 m³     984,524 m³    147,679 m³    44.1%  NO                0 m³
    Mawatha_Wewa                   38,260 m³     15,784 m³     157,840 m³     23,676 m³    24.2%  NO                0 m³
    Meegassegama_Wewa             112,897 m³     23,985 m³     239,850 m³     35,978 m³    47.1%  NO                0 m³
    Mahakanumulla_Wewa             67,126 m³     85,949 m³     859,489 m³    128,923 m³     7.8%  YES          61,797 m³
    Manakkulama_Wewa                  575 m³      3,938 m³      39,382 m³      5,907 m³     1.5%  YES           5,332 m³
    Kuda_Kanumulla_Wewa            93,379 m³     17,087 m³     170,867 m³     25,630 m³    54.6%  NO                0 m³
    Wagayakulama_Wewa              14,889 m³      4,675 m³      46,749 m³      7,012 m³    31.9%  NO                0 m³
    Wagayakulama                    5,674 m³      7,039 m³      70,393 m³     10,559 m³     8.1%  YES           4,885 m³
    Alittana_Wewa                  54,086 m³     50,173 m³     501,726 m³     75,259 m³    10.8%  YES          21,173 m³
    Wannanmaduwa_Wewa             454,609 m³    114,195 m³   1,141,946 m³    171,292 m³    39.8%  NO                0 m³
    Wellamaduwa_Wewa               63,457 m³     21,416 m³     214,163 m³     32,124 m³    29.6%  NO                0 m³
    Sembukulama_Wewa               15,388 m³     20,247 m³     202,468 m³     30,370 m³     7.6%  YES          14,983 m³
    Hammillakulama_Wewa           162,621 m³     20,057 m³     200,569 m³     30,085 m³    81.1%  NO                0 m³
    Tirappane_Wewa                288,182 m³     53,347 m³     533,473 m³     80,021 m³    54.0%  NO                0 m³
    Todamaduwa_Wewa               140,589 m³     68,214 m³     682,139 m³    102,321 m³    20.6%  NO                0 m³
    Galwaduwawa_Wewa               38,269 m³        806 m³       8,057 m³      1,209 m³   475.0%  NO                0 m³
    Galkulama_Wewa                 68,068 m³     18,577 m³     185,774 m³     27,866 m³    36.6%  NO                0 m³
    Nachchaduwa_Wewa           39,916,556 m³  5,550,133 m³  55,501,330 m³  8,325,199 m³    71.9%  NO                0 m³
    Irahandaketu_Wewa              33,049 m³      7,369 m³      73,688 m³     11,053 m³    44.9%  NO                0 m³
    tanks below C3 floor  : 7
    total initial C3 deficit: 113,279 m³
    worst offending tank  : Mahakanumulla_Wewa
    largest deficit       : 61,797 m³
    C3 floor is baseline-relative: S(t) >= min(S_base(t), S_min + 5%*S_max)
    the no-action plan reproduces S_base, so a feasible plan always exists
    C3 horizon total below uses optimised tanks only to match the constraint table
    C3 horizon diagnostic (optimised tanks only, floor = baseline-relative)
    tank                          Day 1     Day 2     Day 3     Day 4     Day 5      Day 6      Day 7   enforced    absolute  share
    ───────────────────────────────────────────────────────────────────────────────────────────────────────────────────────────────
    Mahakanumulla_Wewa             0 m³      0 m³      0 m³      0 m³      0 m³       0 m³       0 m³       0 m³  359,811 m³  52.1%
    Alittana_Wewa              4,586 m³  5,785 m³  6,412 m³  7,113 m³  8,657 m³   9,524 m³  10,239 m³  52,315 m³  175,604 m³  25.4%
    Sembukulama_Wewa               0 m³      0 m³    956 m³  5,570 m³  9,931 m³  10,123 m³  10,123 m³  36,704 m³   70,986 m³  10.3%
    Wagayakulama                 386 m³    920 m³  2,512 m³  3,520 m³  3,520 m³   3,520 m³   3,520 m³  17,897 m³   24,638 m³   3.6%
    Galkulama_Wewa                 0 m³      0 m³      0 m³      0 m³      0 m³   7,962 m³   9,289 m³  17,251 m³   17,251 m³   2.5%
    Manakkulama_Wewa               0 m³  1,355 m³  1,969 m³  1,969 m³    838 m³   1,833 m³   1,969 m³   9,933 m³   12,768 m³   1.8%
    Ihala_Amanakkattuwa_Wewa       0 m³    667 m³  1,713 m³  1,713 m³  1,713 m³   1,713 m³   1,713 m³   9,230 m³   12,525 m³   1.8%
    Tawalanhalmillewa_Wewa     1,326 m³  1,326 m³  1,326 m³  1,326 m³  1,326 m³   1,326 m³   1,326 m³   9,284 m³    9,284 m³   1.3%
    Pahala_Amanakkattuwa_Wewa      0 m³      0 m³      0 m³      0 m³  2,052 m³   2,979 m³   3,304 m³   8,335 m³    8,335 m³   1.2%
    Pansala_Wewa                   0 m³      0 m³      0 m³      0 m³      0 m³       0 m³       0 m³       0 m³        0 m³   0.0%
    Maha_Ittikattiya_Wewa          0 m³      0 m³      0 m³      0 m³      0 m³       0 m³       0 m³       0 m³        0 m³   0.0%
    Ulankulama_Wewa                0 m³      0 m³      0 m³      0 m³      0 m³       0 m³       0 m³       0 m³        0 m³   0.0%
    Amane_Wewa                     0 m³      0 m³      0 m³      0 m³      0 m³       0 m³       0 m³       0 m³        0 m³   0.0%
    Ethiniwetuna_Wewa              0 m³      0 m³      0 m³      0 m³      0 m³       0 m³       0 m³       0 m³        0 m³   0.0%
    Walagambahuwa_Wewa             0 m³      0 m³      0 m³      0 m³      0 m³       0 m³       0 m³       0 m³        0 m³   0.0%
    Wendarakulama_Wewa             0 m³      0 m³      0 m³      0 m³      0 m³       0 m³       0 m³       0 m³        0 m³   0.0%
    Marikkaragama_Wewa             0 m³      0 m³      0 m³      0 m³      0 m³       0 m³       0 m³       0 m³        0 m³   0.0%
    Periyakulama_Wewa              0 m³      0 m³      0 m³      0 m³      0 m³       0 m³       0 m³       0 m³        0 m³   0.0%
    Mawatha_Wewa                   0 m³      0 m³      0 m³      0 m³      0 m³       0 m³       0 m³       0 m³        0 m³   0.0%
    Meegassegama_Wewa              0 m³      0 m³      0 m³      0 m³      0 m³       0 m³       0 m³       0 m³        0 m³   0.0%
    Kuda_Kanumulla_Wewa            0 m³      0 m³      0 m³      0 m³      0 m³       0 m³       0 m³       0 m³        0 m³   0.0%
    Wagayakulama_Wewa              0 m³      0 m³      0 m³      0 m³      0 m³       0 m³       0 m³       0 m³        0 m³   0.0%
    Wannanmaduwa_Wewa              0 m³      0 m³      0 m³      0 m³      0 m³       0 m³       0 m³       0 m³        0 m³   0.0%
    Wellamaduwa_Wewa               0 m³      0 m³      0 m³      0 m³      0 m³       0 m³       0 m³       0 m³        0 m³   0.0%
    Hammillakulama_Wewa            0 m³      0 m³      0 m³      0 m³      0 m³       0 m³       0 m³       0 m³        0 m³   0.0%
    Tirappane_Wewa                 0 m³      0 m³      0 m³      0 m³      0 m³       0 m³       0 m³       0 m³        0 m³   0.0%
    Todamaduwa_Wewa                0 m³      0 m³      0 m³      0 m³      0 m³       0 m³       0 m³       0 m³        0 m³   0.0%
    Irahandaketu_Wewa              0 m³      0 m³      0 m³      0 m³      0 m³       0 m³       0 m³       0 m³        0 m³   0.0%
    Top 10 tanks by ABSOLUTE reserve deficit
    tank                        enforced    absolute  share
    ───────────────────────────────────────────────────────
    Mahakanumulla_Wewa              0 m³  359,811 m³  52.1%
    Alittana_Wewa              52,315 m³  175,604 m³  25.4%
    Sembukulama_Wewa           36,704 m³   70,986 m³  10.3%
    Wagayakulama               17,897 m³   24,638 m³   3.6%
    Galkulama_Wewa             17,251 m³   17,251 m³   2.5%
    Manakkulama_Wewa            9,933 m³   12,768 m³   1.8%
    Ihala_Amanakkattuwa_Wewa    9,230 m³   12,525 m³   1.8%
    Tawalanhalmillewa_Wewa      9,284 m³    9,284 m³   1.3%
    Pahala_Amanakkattuwa_Wewa   8,335 m³    8,335 m³   1.2%
    Pansala_Wewa                    0 m³        0 m³   0.0%
    C3 violation (enforced): 160,949 m³
    reserve deficit (absolute): 691,202 m³
    reference plan = min(demand, R_max), i.e. 'release exactly what is asked'
    constraints evaluated on the optimised tanks only (terminal sink monitored, not enforced)
        constraint             rule                                reference plan  violation
    ────────────────────────────────────────────────────────────────────────────────────────
    C1  storage bounds         S_min <= S <= S_max                 VIOLATED              325
    C2  release bounds         0 <= R <= R_max                     satisfied               -
    C3  seasonal safety floor  S >= min(S_base, S_min + 5%*S_max)  VIOLATED          160,949
    C4  mass conservation      sum R(t) <= sum S + sum Q(t)        satisfied               -
    C5  non-negativity         R >= 0 and S >= 0                   satisfied               -
    ! binding on the reference plan: C1 (storage bounds), C3 (seasonal safety floor) -> NSGA-II must trade demand away here
── OPTIMISE ──────────────────────────────────────────────────── NSGA-II 
  ▶ searching the Pareto front ...
    search space          : 28 tanks x 7 days = 196 decision variables
    budget                : 200 individuals x 300 gens = 60,000 evaluations (x 20 scenarios each)
    gen    1/300  ░░░░░░░░░░░░░░░░░░░░   0.3%  front    1  feas   2/200  f1  223.72k  f2    6.42k  eta 5m 31.7s
    gen   10/300  █░░░░░░░░░░░░░░░░░░░   3.3%  front    1  feas   2/200  f1  223.72k  f2    6.42k  eta 5m 41.4s
    gen   20/300  █░░░░░░░░░░░░░░░░░░░   6.7%  front    2  feas  53/200  f1  223.72k  f2    6.39k  eta 5m 25.2s
    gen   30/300  ██░░░░░░░░░░░░░░░░░░  10.0%  front   24  feas 200/200  f1  223.72k  f2    6.22k  eta 5m 11.1s
    gen   40/300  ███░░░░░░░░░░░░░░░░░  13.3%  front  145  feas 200/200  f1  223.55k  f2    5.96k  eta 4m 59.3s
    gen   50/300  ███░░░░░░░░░░░░░░░░░  16.7%  front  200  feas 200/200  f1  222.10k  f2    4.74k  eta 4m 48.2s
    gen   60/300  ████░░░░░░░░░░░░░░░░  20.0%  front  200  feas 200/200  f1  220.61k  f2    4.62k  eta 4m 41.3s
    gen   70/300  █████░░░░░░░░░░░░░░░  23.3%  front  200  feas 200/200  f1  220.04k  f2    4.45k  eta 4m 31.1s
    gen   80/300  █████░░░░░░░░░░░░░░░  26.7%  front  200  feas 200/200  f1  218.97k  f2    4.33k  eta 4m 22.0s
    gen   90/300  ██████░░░░░░░░░░░░░░  30.0%  front  200  feas 200/200  f1  218.51k  f2    4.19k  eta 4m 09.6s
    gen  100/300  ███████░░░░░░░░░░░░░  33.3%  front  200  feas 200/200  f1  218.14k  f2    4.04k  eta 3m 57.1s
    gen  110/300  ███████░░░░░░░░░░░░░  36.7%  front  200  feas 200/200  f1  217.29k  f2    3.99k  eta 3m 44.7s
    gen  120/300  ████████░░░░░░░░░░░░  40.0%  front  200  feas 200/200  f1  216.06k  f2    3.93k  eta 3m 32.2s
    gen  130/300  █████████░░░░░░░░░░░  43.3%  front  200  feas 200/200  f1  215.98k  f2    3.91k  eta 3m 20.6s
    gen  140/300  █████████░░░░░░░░░░░  46.7%  front  200  feas 200/200  f1  215.14k  f2    3.81k  eta 3m 08.6s
    gen  150/300  ██████████░░░░░░░░░░  50.0%  front  200  feas 200/200  f1  215.14k  f2    3.79k  eta 2m 56.5s
    gen  160/300  ███████████░░░░░░░░░  53.3%  front  200  feas 200/200  f1  215.14k  f2    3.78k  eta 2m 44.6s
    gen  170/300  ███████████░░░░░░░░░  56.7%  front  200  feas 200/200  f1  214.85k  f2    3.75k  eta 2m 33.0s
    gen  180/300  ████████████░░░░░░░░  60.0%  front  200  feas 200/200  f1  213.40k  f2    3.64k  eta 2m 21.2s
    gen  190/300  █████████████░░░░░░░  63.3%  front  200  feas 200/200  f1  212.53k  f2    3.63k  eta 2m 09.4s
    gen  200/300  █████████████░░░░░░░  66.7%  front  200  feas 200/200  f1  211.13k  f2    3.63k  eta 1m 57.6s
    gen  210/300  ██████████████░░░░░░  70.0%  front  200  feas 200/200  f1  210.04k  f2    3.62k  eta 1m 45.8s
    gen  220/300  ███████████████░░░░░  73.3%  front  200  feas 200/200  f1  209.96k  f2    3.60k  eta 1m 34.0s
    gen  230/300  ███████████████░░░░░  76.7%  front  200  feas 200/200  f1  209.96k  f2    3.60k  eta 1m 22.3s
    gen  240/300  ████████████████░░░░  80.0%  front  200  feas 200/200  f1  209.73k  f2    3.58k  eta 1m 10.6s
    gen  250/300  █████████████████░░░  83.3%  front  200  feas 200/200  f1  209.73k  f2    3.57k  eta 58.8s
    gen  260/300  █████████████████░░░  86.7%  front  200  feas 200/200  f1  209.21k  f2    3.55k  eta 47.0s
    gen  270/300  ██████████████████░░  90.0%  front  200  feas 200/200  f1  209.20k  f2    3.54k  eta 35.3s
    gen  280/300  ███████████████████░  93.3%  front  200  feas 200/200  f1  209.20k  f2    3.50k  eta 23.5s
    gen  290/300  ███████████████████░  96.7%  front  200  feas 200/200  f1  209.20k  f2    3.47k  eta 11.8s
    gen  300/300  ████████████████████ 100.0%  front  200  feas 200/200  f1  208.73k  f2    3.47k  eta 0.0s
    evaluations           : 60,000 candidate release plans
  ✓ searching the Pareto front  (5m 52.9s)
    C3 tier               : hard
    pareto front          : 200 non-dominated solutions
    f1 shortage range     : 208,729 m³ … 273,882 m³
    f2 overflow range     : 3,475 m³ … 6,708 m³
    search time           : 5m 52.9s
── DECIDE ──────────────────────────────────── Option A weights + TOPSIS 
  ✓ selected rank 1 (closeness 0.7396)
      f1 shortage           : 214,857 m³
      f2 overflow           : 4,966 m³
      f3 equity             : 66.6938
      f4 water loss         : 12,691 m³
      total release         : 3,441,743 m³
      total consumed        : 3,429,219 m³
      total return flow     : 12,523 m³
      total channel loss    : 764 m³
      Tank                          Demand    Release   Consumed  Return Flow  Satisfaction %
      ───────────────────────────────────────────────────────────────────────────────────────
      Tawalanhalmillewa_Wewa       20558.3    9277.43    9277.43          0.0            45.1
      Settikulama_Wewa             24669.4    2080.94    2080.94          0.0             8.4
      Pansala_Wewa                 24669.4   24598.11   24589.13         8.98            99.7
      Kudaittikattiya_Wewa         20558.3      604.8      604.8          0.0             2.9
      Maha_Ittikattiya_Wewa        37004.8   36514.21   36513.79         0.42            98.7
      Ulankulama_Wewa              24669.4   24394.97    24380.9        14.08            98.8
      Amane_Wewa                   31248.0   42870.22   30749.17     12121.06            98.4
      Ihala_Amanakkattuwa_Wewa     24669.4   11332.88   11332.88          0.0            45.9
      Ethiniwetuna_Wewa            24669.4   24661.35   24653.94         7.41            99.9
      Pahala_Amanakkattuwa_Wewa    28781.2   16353.47   16350.29         3.19            56.8
      Walagambahuwa_Wewa           23025.1   22850.17   22850.17          0.0            99.2
      Wendarakulama_Wewa           18502.4   18440.58    18439.6         0.98            99.7
      Marikkaragama_Wewa           31248.0   31233.68   31229.79         3.89            99.9
      Periyakulama_Wewa            16446.5   16392.63   16390.99         1.65            99.7
      Mawatha_Wewa                 10278.8   10104.56   10103.63         0.94            98.3
      Meegassegama_Wewa            15624.0   15526.89   15526.79          0.1            99.4
      Mahakanumulla_Wewa           19735.8        0.0        0.0          0.0             0.0
      Manakkulama_Wewa             24669.4   11787.06   11787.06          0.0            47.8
      Kuda_Kanumulla_Wewa          24669.4   24294.71   24290.81          3.9            98.5
      Wagayakulama_Wewa            14801.5   14291.24   14160.86       130.38            95.7
      Wagayakulama                 24669.4     4331.7     4331.7          0.0            17.6
      Alittana_Wewa                44405.2       0.02       0.02          0.0             0.0
      Wannanmaduwa_Wewa            74008.9   58720.81    58720.3         0.51            79.3
      Wellamaduwa_Wewa              3289.3    3282.05    3278.87         3.18            99.7
      Sembukulama_Wewa             32893.0     1644.4     1644.4          0.0             5.0
      Hammillakulama_Wewa          23847.6   24009.87   23817.16        192.7            99.9
      Tirappane_Wewa               37004.8   35359.42   35359.29         0.13            95.6
      Todamaduwa_Wewa              24669.4   24152.92    24152.2         0.72            97.9
      Galwaduwawa_Wewa              8222.9     8222.9     8222.9          0.0           100.0
      Galkulama_Wewa               51395.4    34774.9   34774.89          0.0            67.7
      Nachchaduwa_Wewa           2878127.0  2878127.0  2878127.0          0.0           100.0
      Irahandaketu_Wewa            11512.2   11506.77   11477.76        29.02            99.7
      Tank                       Storage Start  Local Inflow  Upstream Inflow    Release   Consumed  Storage End
      ──────────────────────────────────────────────────────────────────────────────────────────────────────────
      Tawalanhalmillewa_Wewa           2031.81       17122.4              0.0    9277.43    9277.43      4493.78
      Settikulama_Wewa                 3304.24      20404.64              0.0    2080.94    2080.94      12233.4
      Pansala_Wewa                    83297.77        2376.6              0.0   24598.11   24589.13     57534.26
      Kudaittikattiya_Wewa             29967.1       7528.28              0.0      604.8      604.8        576.0
      Maha_Ittikattiya_Wewa          112293.66      31422.04              0.0   36514.21   36513.79     94877.98
      Ulankulama_Wewa                123052.11      30637.19             8.29   24394.97    24380.9    123492.62
      Amane_Wewa                     114204.21      25593.89              0.0   42870.22   30749.17     94096.38
      Ihala_Amanakkattuwa_Wewa         1976.34      12595.32         11506.55   11332.88   11332.88     11910.33
      Ethiniwetuna_Wewa               33788.18      12396.41              0.0   24661.35   24653.94     18662.34
      Pahala_Amanakkattuwa_Wewa       28606.57       1310.61             3.21   16353.47   16350.29     10451.91
      Walagambahuwa_Wewa             100514.51      15460.08              0.0   22850.17   22850.17     90009.42
      Wendarakulama_Wewa              45450.52       8640.04              0.0   18440.58    18439.6     30266.98
      Marikkaragama_Wewa              27181.47      22487.22              0.0   31233.68   31229.79     14609.51
      Periyakulama_Wewa               434371.9      40164.73            19.09   16392.63   16390.99     449665.1
      Mawatha_Wewa                    38260.37      16396.93              0.0   10104.56   10103.63     37472.23
      Meegassegama_Wewa               112897.4      25371.73              0.9   15526.89   15526.79    120618.63
      Mahakanumulla_Wewa              67126.12       22404.8             3.62        0.0        0.0     83444.55
      Manakkulama_Wewa                  574.97      24897.79             1.15   11787.06   11787.06      7031.26
      Kuda_Kanumulla_Wewa             93378.92       8698.09            59.19   24294.71   24290.81     72318.49
      Wagayakulama_Wewa               14889.43      16521.94              0.0   14291.24   14160.86     11597.13
      Wagayakulama                      5673.7      12858.47              0.0     4331.7     4331.7     11092.47
      Alittana_Wewa                   54086.08       7459.44             0.09       0.02       0.02     60411.61
      Wannanmaduwa_Wewa              454608.62      39578.01              0.0   58720.81    58720.3    401897.32
      Wellamaduwa_Wewa                63456.56      22309.06              0.0    3282.05    3278.87     75119.57
      Sembukulama_Wewa                15387.54      21479.92            70.93     1644.4     1644.4     30621.48
      Hammillakulama_Wewa            162621.43       27546.9              0.0   24009.87   23817.16    161058.96
      Tirappane_Wewa                 288182.11      32560.72              0.0   35359.42   35359.29    261870.42
      Todamaduwa_Wewa                140588.89       17093.5             0.41   24152.92    24152.2    125882.38
      Galwaduwawa_Wewa                 38269.3       5726.58              0.0     8222.9     8222.9      4485.88
      Galkulama_Wewa                  68067.67       3844.56            27.18    34774.9   34774.89     28099.51
      Nachchaduwa_Wewa             39916556.32     230828.49            58.59  2878127.0  2878127.0   36849354.9
      Irahandaketu_Wewa               33048.89       5080.91              0.0   11506.77   11477.76     22941.03
── CROSS-CHECK ───────────────────────── simulation vs Module 3 forecast 
  ▶ comparing trajectory shape (ratio basis) ...
  ✓ comparing trajectory shape (ratio basis)  (0.0s)
    direction agreement   : 80.0%  (30 tanks, 210 comparisons)
    mean |ratio diff|     : 0.2522
    max  |ratio diff|     : 3.7228
    ! 10 tank(s) diverge beyond 15%: Ethiniwetuna_Wewa, Galkulama_Wewa, Ihala_Amanakkattuwa_Wewa, Manakkulama_Wewa, Marikkaragama_Wewa, Pahala_Amanakkattuwa_Wewa, Sembukulama_Wewa, Settikulama_Wewa, Wagayakulama, Wagayakulama_Wewa
── ACT ─────────────────────────── day-0 release (days 1..T-1 discarded) 
    total release today   : 492,216 m³
    tanks releasing       : 28 of 32
    tank                      release  share
    ────────────────────────────────────────
    Nachchaduwa_Wewa       411,161 m³  83.5%
    Galkulama_Wewa           7,342 m³   1.5%
    Maha_Ittikattiya_Wewa    5,286 m³   1.1%
── SHIFT ───────────────────────────────────── one-day state propagation 
    storage today         : 42,707,715 m³
    storage tomorrow      : 42,185,993 m³
    net change            : −521,721 m³
    ! 59,913 m³ spilled over S_max overnight
  ✓ day 1 complete  (5m 53.0s)

╔════════════════════════════════════════════════════════════════════════╗
║ SEASON SUMMARY                                                         ║
╚════════════════════════════════════════════════════════════════════════╝
    days simulated        : 1
    feasible decisions    : 1 / 1 (100.0%)
    infeasible days       : 0
    C3 hard / relaxed     : 1 / 0
    cross-checks stored   : 1
    total runtime         : 5m 53.0s
    mean per day          : 5m 53.0s
    mean daily release    : 492,216 m³
    season release total  : 492,216 m³
  ▶ writing CSV outputs ...
  ✓ writing CSV outputs  (0.0s)
    decisions             : outputs/mpc_decisions.csv
    weights               : outputs/topsis_weights_log.csv
    crosscheck            : outputs/module3_crosscheck.csv
    consolidated_decisions: outputs/consolidated_mpc_decisions.csv
    consolidated_weights  : outputs/consolidated_topsis_weights_log.csv
    consolidated_crosscheck: outputs/consolidated_module3_crosscheck.csv
