
╔════════════════════════════════════════════════════════════════════════╗
║ MODULE 4  -  MO-MPC RECEDING-HORIZON RUN                               ║
║ season=maha  days=1  horizon T=7  K=20  pop=200  gens=300              ║
╚════════════════════════════════════════════════════════════════════════╝
  ▶ loading static inputs (tank params, demand, alpha, rainfall) ...
  ✓ loading static inputs (tank params, demand, alpha, rainfall)  (0.1s)
    cascade               : 32 tanks
    rainfall history      : 552 days
    storage mode          : advance internally from day-0 releases (closed-loop simulation)

╔════════════════════════════════════════════════════════════════════════╗
║ DAY 1 / 1                                                              ║
║ season day 1 of 1 (maha)   |   planning days 1-7                       ║
╚════════════════════════════════════════════════════════════════════════╝
── OBSERVE ──────────────────────────── Module 1 storage + Module 3 risk 
  [!] Module 3 rejected 2 tank(s) for 2026-07-30: ['Kudaittikattiya_Wewa', 'Galwaduwawa_Wewa'] - using neutral (1/3, 1/3, 1/3) fallback risk for them today; their t+1..t+7 forecast is unavailable (NaN).
  [!] Module 3 has no live t+1 storage for 2 tank(s) today: ['Kudaittikattiya_Wewa', 'Galwaduwawa_Wewa'] - falling back to data/tank_storage.csv for just those tanks.
    history window        : 552 days × 32 tanks (C = 0.16)
    gamma mean range      : 600 m³ … 91,070 m³ /day
    gamma std range       : 685 m³ … 101,190 m³ /day
    scenario tensor       : K=20 × N=32 × T=7
    mean inflow           : 3,521 m³ /tank/day
    max sampled inflow    : 287,450 m³ /tank/day
    dry-day share         : history 54.5%  sampled 53.9%  (wet-day threshold 1 mm)
── CONSTRAINTS ────────────────────────────── reference-plan feasibility 
    C3 initial-storage diagnostic (all tanks)
    tank                           S_current         S_min          S_max      C3 floor    % cap  below floor    deficit
    ────────────────────────────────────────────────────────────────────────────────────────────────────────────────────
    Tawalanhalmillewa_Wewa          1,920 m³      2,652 m³      26,525 m³      3,979 m³     7.2%  YES           2,058 m³
    Settikulama_Wewa                3,325 m³      1,223 m³      12,233 m³      1,835 m³    27.2%  NO                0 m³
    Pansala_Wewa                   82,735 m³     29,612 m³     296,117 m³     44,418 m³    27.9%  NO                0 m³
    Kudaittikattiya_Wewa           29,967 m³         58 m³         576 m³         86 m³  5202.6%  NO                0 m³
    Maha_Ittikattiya_Wewa         112,402 m³     36,259 m³     362,588 m³     54,388 m³    31.0%  NO                0 m³
    Ulankulama_Wewa               123,136 m³     20,974 m³     209,736 m³     31,460 m³    58.7%  NO                0 m³
    Amane_Wewa                    114,379 m³     13,456 m³     134,564 m³     20,185 m³    85.0%  NO                0 m³
    Ihala_Amanakkattuwa_Wewa        1,774 m³      3,425 m³      34,252 m³      5,138 m³     5.2%  YES           3,364 m³
    Ethiniwetuna_Wewa              34,211 m³      4,915 m³      49,154 m³      7,373 m³    69.6%  NO                0 m³
    Pahala_Amanakkattuwa_Wewa      28,410 m³      5,958 m³      59,585 m³      8,938 m³    47.7%  NO                0 m³
    Walagambahuwa_Wewa            100,145 m³     28,386 m³     283,859 m³     42,579 m³    35.3%  NO                0 m³
    Wendarakulama_Wewa             45,195 m³      9,481 m³      94,807 m³     14,221 m³    47.7%  NO                0 m³
    Marikkaragama_Wewa             27,035 m³      7,348 m³      73,483 m³     11,022 m³    36.8%  NO                0 m³
    Periyakulama_Wewa             430,828 m³     98,452 m³     984,524 m³    147,679 m³    43.8%  NO                0 m³
    Mawatha_Wewa                   38,087 m³     15,784 m³     157,840 m³     23,676 m³    24.1%  NO                0 m³
    Meegassegama_Wewa             112,298 m³     23,985 m³     239,850 m³     35,978 m³    46.8%  NO                0 m³
    Mahakanumulla_Wewa             63,087 m³     85,949 m³     859,489 m³    128,923 m³     7.3%  YES          65,837 m³
    Manakkulama_Wewa                  461 m³      3,938 m³      39,382 m³      5,907 m³     1.2%  YES           5,447 m³
    Kuda_Kanumulla_Wewa            92,900 m³     17,087 m³     170,867 m³     25,630 m³    54.4%  NO                0 m³
    Wagayakulama_Wewa              14,922 m³      4,675 m³      46,749 m³      7,012 m³    31.9%  NO                0 m³
    Wagayakulama                    5,244 m³      7,039 m³      70,393 m³     10,559 m³     7.4%  YES           5,315 m³
    Alittana_Wewa                  50,875 m³     50,173 m³     501,726 m³     75,259 m³    10.1%  YES          24,384 m³
    Wannanmaduwa_Wewa             451,754 m³    114,195 m³   1,141,946 m³    171,292 m³    39.6%  NO                0 m³
    Wellamaduwa_Wewa               63,756 m³     21,416 m³     214,163 m³     32,124 m³    29.8%  NO                0 m³
    Sembukulama_Wewa               14,152 m³     20,247 m³     202,468 m³     30,370 m³     7.0%  YES          16,218 m³
    Hammillakulama_Wewa           162,902 m³     20,057 m³     200,569 m³     30,085 m³    81.2%  NO                0 m³
    Tirappane_Wewa                286,422 m³     53,347 m³     533,473 m³     80,021 m³    53.7%  NO                0 m³
    Todamaduwa_Wewa               137,246 m³     68,214 m³     682,139 m³    102,321 m³    20.1%  NO                0 m³
    Galwaduwawa_Wewa               38,269 m³        806 m³       8,057 m³      1,209 m³   475.0%  NO                0 m³
    Galkulama_Wewa                 67,213 m³     18,577 m³     185,774 m³     27,866 m³    36.2%  NO                0 m³
    Nachchaduwa_Wewa           40,971,082 m³  5,550,133 m³  55,501,330 m³  8,325,199 m³    73.8%  NO                0 m³
    Irahandaketu_Wewa              32,865 m³      7,369 m³      73,688 m³     11,053 m³    44.6%  NO                0 m³
    tanks below C3 floor  : 7
    total initial C3 deficit: 122,621 m³
    worst offending tank  : Mahakanumulla_Wewa
    largest deficit       : 65,837 m³
    C3 floor is baseline-relative: S(t) >= min(S_base(t), S_min + 5%*S_max)
    the no-action plan reproduces S_base, so a feasible plan always exists
    C3 horizon total below uses optimised tanks only to match the constraint table
    C3 horizon diagnostic (optimised tanks only, floor = baseline-relative)
    tank                          Day 1     Day 2     Day 3     Day 4     Day 5     Day 6      Day 7   enforced    absolute  share
    ──────────────────────────────────────────────────────────────────────────────────────────────────────────────────────────────
    Mahakanumulla_Wewa             0 m³      0 m³      0 m³      0 m³      0 m³      0 m³       0 m³       0 m³  388,089 m³  53.5%
    Alittana_Wewa              1,374 m³  2,574 m³  3,200 m³  3,902 m³  5,446 m³  6,313 m³   7,028 m³  29,838 m³  175,604 m³  24.2%
    Sembukulama_Wewa               0 m³      0 m³      0 m³  4,335 m³  9,034 m³  9,383 m³  10,123 m³  32,875 m³   73,735 m³  10.2%
    Wagayakulama                   0 m³    491 m³  2,083 m³  3,184 m³  3,520 m³  3,520 m³   3,520 m³  16,316 m³   24,681 m³   3.4%
    Galkulama_Wewa                 0 m³      0 m³      0 m³      0 m³    596 m³  8,817 m³   9,927 m³  19,340 m³   19,340 m³   2.7%
    Manakkulama_Wewa               0 m³  1,241 m³  1,969 m³  1,969 m³    838 m³  1,833 m³   1,969 m³   9,819 m³   12,882 m³   1.8%
    Ihala_Amanakkattuwa_Wewa       0 m³    465 m³  1,713 m³  1,713 m³  1,713 m³  1,713 m³   1,713 m³   9,028 m³   12,727 m³   1.8%
    Tawalanhalmillewa_Wewa     1,326 m³  1,326 m³  1,326 m³  1,326 m³  1,326 m³  1,326 m³   1,326 m³   9,284 m³    9,284 m³   1.3%
    Pahala_Amanakkattuwa_Wewa      0 m³      0 m³      0 m³      0 m³  2,249 m³  2,979 m³   3,304 m³   8,532 m³    8,532 m³   1.2%
    Pansala_Wewa                   0 m³      0 m³      0 m³      0 m³      0 m³      0 m³       0 m³       0 m³        0 m³   0.0%
    Maha_Ittikattiya_Wewa          0 m³      0 m³      0 m³      0 m³      0 m³      0 m³       0 m³       0 m³        0 m³   0.0%
    Ulankulama_Wewa                0 m³      0 m³      0 m³      0 m³      0 m³      0 m³       0 m³       0 m³        0 m³   0.0%
    Amane_Wewa                     0 m³      0 m³      0 m³      0 m³      0 m³      0 m³       0 m³       0 m³        0 m³   0.0%
    Ethiniwetuna_Wewa              0 m³      0 m³      0 m³      0 m³      0 m³      0 m³       0 m³       0 m³        0 m³   0.0%
    Walagambahuwa_Wewa             0 m³      0 m³      0 m³      0 m³      0 m³      0 m³       0 m³       0 m³        0 m³   0.0%
    Wendarakulama_Wewa             0 m³      0 m³      0 m³      0 m³      0 m³      0 m³       0 m³       0 m³        0 m³   0.0%
    Marikkaragama_Wewa             0 m³      0 m³      0 m³      0 m³      0 m³      0 m³       0 m³       0 m³        0 m³   0.0%
    Periyakulama_Wewa              0 m³      0 m³      0 m³      0 m³      0 m³      0 m³       0 m³       0 m³        0 m³   0.0%
    Mawatha_Wewa                   0 m³      0 m³      0 m³      0 m³      0 m³      0 m³       0 m³       0 m³        0 m³   0.0%
    Meegassegama_Wewa              0 m³      0 m³      0 m³      0 m³      0 m³      0 m³       0 m³       0 m³        0 m³   0.0%
    Kuda_Kanumulla_Wewa            0 m³      0 m³      0 m³      0 m³      0 m³      0 m³       0 m³       0 m³        0 m³   0.0%
    Wagayakulama_Wewa              0 m³      0 m³      0 m³      0 m³      0 m³      0 m³       0 m³       0 m³        0 m³   0.0%
    Wannanmaduwa_Wewa              0 m³      0 m³      0 m³      0 m³      0 m³      0 m³       0 m³       0 m³        0 m³   0.0%
    Wellamaduwa_Wewa               0 m³      0 m³      0 m³      0 m³      0 m³      0 m³       0 m³       0 m³        0 m³   0.0%
    Hammillakulama_Wewa            0 m³      0 m³      0 m³      0 m³      0 m³      0 m³       0 m³       0 m³        0 m³   0.0%
    Tirappane_Wewa                 0 m³      0 m³      0 m³      0 m³      0 m³      0 m³       0 m³       0 m³        0 m³   0.0%
    Todamaduwa_Wewa                0 m³      0 m³      0 m³      0 m³      0 m³      0 m³       0 m³       0 m³        0 m³   0.0%
    Irahandaketu_Wewa              0 m³      0 m³      0 m³      0 m³      0 m³      0 m³       0 m³       0 m³        0 m³   0.0%
    Top 10 tanks by ABSOLUTE reserve deficit
    tank                        enforced    absolute  share
    ───────────────────────────────────────────────────────
    Mahakanumulla_Wewa              0 m³  388,089 m³  53.5%
    Alittana_Wewa              29,838 m³  175,604 m³  24.2%
    Sembukulama_Wewa           32,875 m³   73,735 m³  10.2%
    Wagayakulama               16,316 m³   24,681 m³   3.4%
    Galkulama_Wewa             19,340 m³   19,340 m³   2.7%
    Manakkulama_Wewa            9,819 m³   12,882 m³   1.8%
    Ihala_Amanakkattuwa_Wewa    9,028 m³   12,727 m³   1.8%
    Tawalanhalmillewa_Wewa      9,284 m³    9,284 m³   1.3%
    Pahala_Amanakkattuwa_Wewa   8,532 m³    8,532 m³   1.2%
    Pansala_Wewa                    0 m³        0 m³   0.0%
    C3 violation (enforced): 135,031 m³
    reserve deficit (absolute): 724,873 m³
    reference plan = min(demand, R_max), i.e. 'release exactly what is asked'
    constraints evaluated on the optimised tanks only (terminal sink monitored, not enforced)
        constraint             rule                                reference plan  violation
    ────────────────────────────────────────────────────────────────────────────────────────
    C1  storage bounds         S_min <= S <= S_max                 VIOLATED              962
    C2  release bounds         0 <= R <= R_max                     satisfied               -
    C3  seasonal safety floor  S >= min(S_base, S_min + 5%*S_max)  VIOLATED          135,031
    C4  mass conservation      sum R(t) <= sum S + sum Q(t)        satisfied               -
    C5  non-negativity         R >= 0 and S >= 0                   satisfied               -
    ! binding on the reference plan: C1 (storage bounds), C3 (seasonal safety floor) -> NSGA-II must trade demand away here
── OPTIMISE ──────────────────────────────────────────────────── NSGA-II 
  ▶ searching the Pareto front ...
    search space          : 28 tanks x 7 days = 196 decision variables
    budget                : 200 individuals x 300 gens = 60,000 evaluations (x 20 scenarios each)
    gen    1/300  ░░░░░░░░░░░░░░░░░░░░   0.3%  front    1  feas   2/200  f1  226.14k  f2    6.49k  eta 6m 58.6s
    gen   10/300  █░░░░░░░░░░░░░░░░░░░   3.3%  front    2  feas   7/200  f1  226.14k  f2    6.49k  eta 5m 55.6s
    gen   20/300  █░░░░░░░░░░░░░░░░░░░   6.7%  front    3  feas 200/200  f1  226.14k  f2    6.49k  eta 5m 44.4s
