
=== run_simulation starting  2025-03-01 .. 2025-08-31  (completed days are skipped) ===
tanks: 32   yala demand: season_days=160  duration_class=135
[2025-03-01] day 1/184  feasible=True    352.0s  total_storage=51,047,438 m3
[2025-03-02] day 2/184  feasible=True    346.0s  total_storage=51,123,349 m3
[2025-03-03] day 3/184  feasible=True    371.2s  total_storage=51,083,846 m3
[2025-03-04] day 4/184  feasible=True    365.2s  total_storage=50,989,156 m3
[2025-03-05] day 5/184  feasible=True    364.3s  total_storage=50,845,939 m3
[2025-03-06] day 6/184  feasible=True    355.2s  total_storage=50,677,120 m3
[2025-03-07] day 7/184  feasible=True    353.0s  total_storage=50,560,991 m3
[2025-03-08] day 8/184  feasible=True    356.5s  total_storage=50,608,201 m3
[2025-03-09] day 9/184  feasible=True    356.0s  total_storage=50,556,483 m3
[2025-03-10] day 10/184  feasible=True    357.4s  total_storage=50,522,374 m3
[2025-03-11] day 11/184  feasible=True    355.6s  total_storage=50,822,342 m3
[2025-03-12] day 12/184  feasible=True    355.7s  total_storage=51,041,515 m3
[2025-03-13] day 13/184  feasible=True    402.0s  total_storage=51,112,831 m3
[2025-03-14] day 14/184  feasible=True    396.4s  total_storage=51,070,077 m3
[2025-03-15] day 15/184  feasible=True    377.9s  total_storage=50,979,518 m3
[summary_01] 2025-03-01..2025-03-15  15 day(s) aggregated -> output\summary_01
[2025-03-16] day 16/184  feasible=True    357.4s  total_storage=50,907,554 m3
[2025-03-17] day 17/184  feasible=True    349.9s  total_storage=51,040,139 m3
[2025-03-18] day 18/184  feasible=True    357.5s  total_storage=51,005,095 m3
[2025-03-19] day 19/184  feasible=True    354.8s  total_storage=50,982,414 m3
[2025-03-20] day 20/184  feasible=True    362.4s  total_storage=51,766,341 m3
[2025-03-21] day 21/184  feasible=True    362.6s  total_storage=51,859,667 m3
[2025-03-22] day 22/184  feasible=True    364.8s  total_storage=51,667,305 m3
[2025-03-23] day 23/184  feasible=True    369.9s  total_storage=51,644,415 m3
[2025-03-24] day 24/184  feasible=True    375.0s  total_storage=51,575,657 m3
[2025-03-25] day 25/184  feasible=True    368.5s  total_storage=51,590,668 m3
[2025-03-26] day 26/184  feasible=True    366.8s  total_storage=51,544,516 m3
[2025-03-27] day 27/184  feasible=True    360.7s  total_storage=51,508,791 m3
[2025-03-28] day 28/184  feasible=True    364.1s  total_storage=51,525,639 m3
[2025-03-29] day 29/184  feasible=True    365.1s  total_storage=51,520,225 m3
[2025-03-30] day 30/184  feasible=True   2987.0s  total_storage=51,489,166 m3
[summary_02] 2025-03-16..2025-03-30  15 day(s) aggregated -> output\summary_02
[2025-03-31] day 31/184  feasible=True    329.4s  total_storage=51,502,094 m3
[2025-04-01] day 32/184  feasible=True    337.8s  total_storage=50,078,951 m3
[2025-04-02] day 33/184  feasible=True    717.5s  total_storage=50,166,875 m3
=== run_simulation stopped/finished at 2025-04-03 ===
