
=== run_simulation starting  2025-03-01 .. 2025-08-31  (completed days are skipped) ===

=== run_simulation starting  2025-03-01 .. 2025-08-31  (completed days are skipped) ===
tanks: 32   yala demand: season_days=160  duration_class=135
[2025-03-01] day 1/184  feasible=True    377.7s  total_storage=51,047,438 m3
[2025-03-02] day 2/184  feasible=True    363.7s  total_storage=51,123,349 m3
[2025-03-03] day 3/184  feasible=True    352.2s  total_storage=51,083,846 m3
[2025-03-04] day 4/184  feasible=True    373.3s  total_storage=50,989,156 m3
[2025-03-05] day 5/184  feasible=True    359.1s  total_storage=50,845,939 m3
[2025-03-06] day 6/184  feasible=True    356.3s  total_storage=50,677,120 m3
[2025-03-07] day 7/184  feasible=True    355.4s  total_storage=50,189,711 m3
[2025-03-08] day 8/184  feasible=True    354.0s  total_storage=50,608,201 m3
[2025-03-09] day 9/184  feasible=True    354.6s  total_storage=50,556,483 m3
[2025-03-10] day 10/184  feasible=True    356.9s  total_storage=50,522,374 m3
[2025-03-11] day 11/184  feasible=True    358.7s  total_storage=50,822,342 m3
[2025-03-12] day 12/184  feasible=True    361.6s  total_storage=51,041,515 m3
[2025-03-13] day 13/184  feasible=True    369.5s  total_storage=51,112,831 m3
[2025-03-14] day 14/184  feasible=True    375.6s  total_storage=51,070,077 m3
[2025-03-15] day 15/184  feasible=True    381.0s  total_storage=50,979,518 m3
[summary_01] 2025-03-01..2025-03-15  15 day(s) aggregated -> output\summary_01
[2025-03-16] day 16/184  feasible=True    367.1s  total_storage=50,907,554 m3
[2025-03-17] day 17/184  feasible=True    354.3s  total_storage=51,040,139 m3
[2025-03-18] day 18/184  feasible=True    357.4s  total_storage=51,005,095 m3
[2025-03-19] day 19/184  feasible=True    364.5s  total_storage=50,947,380 m3
[2025-03-20] day 20/184  feasible=True    369.2s  total_storage=51,766,341 m3
[2025-03-21] day 21/184  feasible=True    372.8s  total_storage=51,859,667 m3
[2025-03-22] day 22/184  feasible=True    362.5s  total_storage=51,667,305 m3
[2025-03-23] day 23/184  feasible=True    378.1s  total_storage=51,644,415 m3
[2025-03-24] day 24/184  feasible=True    361.1s  total_storage=51,575,657 m3
[2025-03-25] day 25/184  feasible=True    357.2s  total_storage=51,590,668 m3
[2025-03-26] day 26/184  feasible=True    356.0s  total_storage=51,544,516 m3
[2025-03-27] day 27/184  feasible=True    358.0s  total_storage=51,508,791 m3
[2025-03-28] day 28/184  feasible=True    365.4s  total_storage=51,525,639 m3
[2025-03-29] day 29/184  feasible=True    362.7s  total_storage=51,520,225 m3
[2025-03-30] day 30/184  feasible=True    357.6s  total_storage=51,489,166 m3
[summary_02] 2025-03-16..2025-03-30  15 day(s) aggregated -> output\summary_02
[2025-03-31] day 31/184  feasible=True    358.0s  total_storage=49,595,957 m3
[2025-04-01] day 32/184  feasible=True    364.2s  total_storage=50,078,951 m3
[2025-04-02] day 33/184  feasible=True    746.0s  total_storage=50,166,875 m3
[2025-04-03] day 34/184  feasible=True    357.9s  total_storage=50,408,210 m3
[2025-04-04] day 35/184  feasible=True   7351.8s  total_storage=50,553,394 m3
[2025-04-05] day 36/184  feasible=True    351.8s  total_storage=50,705,967 m3
[2025-04-06] day 37/184  feasible=True    331.2s  total_storage=50,890,173 m3
[2025-04-07] day 38/184  feasible=True    346.3s  total_storage=50,857,427 m3
[2025-04-08] day 39/184  feasible=True    341.4s  total_storage=50,803,847 m3
[2025-04-09] day 40/184  feasible=True    332.3s  total_storage=50,586,395 m3
[2025-04-10] day 41/184  feasible=True    334.1s  total_storage=50,353,395 m3
[2025-04-11] day 42/184  feasible=True    341.3s  total_storage=50,210,050 m3
[2025-04-12] day 43/184  feasible=True    340.1s  total_storage=49,474,527 m3
[2025-04-13] day 44/184  feasible=True    352.6s  total_storage=49,944,354 m3
[2025-04-14] day 45/184  feasible=True    353.5s  total_storage=49,986,860 m3
[summary_03] 2025-03-31..2025-04-14  15 day(s) aggregated -> output\summary_03
[2025-04-15] day 46/184  feasible=True    356.9s  total_storage=50,072,095 m3
[2025-04-16] day 47/184  feasible=True    360.2s  total_storage=50,079,018 m3
[2025-04-17] day 48/184  feasible=True    358.3s  total_storage=50,160,310 m3
[2025-04-18] day 49/184  feasible=True    358.4s  total_storage=50,220,598 m3
[2025-04-19] day 50/184  feasible=True    353.7s  total_storage=50,105,657 m3
[2025-04-20] day 51/184  feasible=True    350.9s  total_storage=50,122,410 m3
[2025-04-21] day 52/184  feasible=True    358.6s  total_storage=50,080,367 m3
[2025-04-22] day 53/184  feasible=True    360.2s  total_storage=50,105,637 m3
[2025-04-23] day 54/184  feasible=True    359.9s  total_storage=50,163,114 m3
[2025-04-24] day 55/184  feasible=True    367.8s  total_storage=49,178,677 m3
[2025-04-25] day 56/184  feasible=True    379.0s  total_storage=49,933,474 m3
[2025-04-26] day 57/184  feasible=True    365.0s  total_storage=49,912,464 m3
[2025-04-27] day 58/184  feasible=True    360.6s  total_storage=49,960,598 m3
[2025-04-28] day 59/184  feasible=True    359.9s  total_storage=50,054,852 m3
[2025-04-29] day 60/184  feasible=True    359.9s  total_storage=50,162,562 m3
[summary_04] 2025-04-15..2025-04-29  15 day(s) aggregated -> output\summary_04
[2025-04-30] day 61/184  feasible=True    362.0s  total_storage=50,303,587 m3
[2025-05-01] day 62/184  feasible=True    362.5s  total_storage=50,356,885 m3
[2025-05-02] day 63/184  feasible=True    361.9s  total_storage=50,256,254 m3
[2025-05-03] day 64/184  feasible=True    363.7s  total_storage=50,051,620 m3
[2025-05-04] day 65/184  feasible=True    361.5s  total_storage=49,880,852 m3
[2025-05-05] day 66/184  feasible=True    358.0s  total_storage=49,768,636 m3
[2025-05-06] day 67/184  feasible=True    380.3s  total_storage=49,411,695 m3
[2025-05-07] day 68/184  feasible=True    357.1s  total_storage=50,148,045 m3
[2025-05-08] day 69/184  feasible=True    351.1s  total_storage=50,164,961 m3
[2025-05-09] day 70/184  feasible=True    344.4s  total_storage=50,101,612 m3
[2025-05-10] day 71/184  feasible=True    345.2s  total_storage=50,099,396 m3
[2025-05-11] day 72/184  feasible=True    340.7s  total_storage=50,031,582 m3
[2025-05-12] day 73/184  feasible=True    339.8s  total_storage=49,958,026 m3
[2025-05-13] day 74/184  feasible=True    338.1s  total_storage=49,935,451 m3
[2025-05-14] day 75/184  feasible=True    334.0s  total_storage=49,949,198 m3
[summary_05] 2025-04-30..2025-05-14  15 day(s) aggregated -> output\summary_05
[2025-05-15] day 76/184  feasible=True    337.0s  total_storage=49,986,689 m3
[2025-05-16] day 77/184  feasible=True    336.8s  total_storage=50,018,333 m3
[2025-05-17] day 78/184  feasible=True    341.4s  total_storage=50,039,000 m3
[2025-05-18] day 79/184  feasible=True    342.1s  total_storage=48,951,724 m3
[2025-05-19] day 80/184  feasible=True    343.1s  total_storage=49,724,744 m3
[2025-05-20] day 81/184  feasible=True    347.7s  total_storage=49,788,529 m3
[2025-05-21] day 82/184  feasible=True    342.5s  total_storage=49,837,590 m3
[2025-05-22] day 83/184  feasible=True    344.1s  total_storage=49,761,614 m3
[2025-05-23] day 84/184  feasible=True    352.9s  total_storage=49,679,188 m3
[2025-05-24] day 85/184  feasible=True    363.8s  total_storage=49,566,615 m3
[2025-05-25] day 86/184  feasible=True    367.5s  total_storage=49,557,746 m3
[2025-05-26] day 87/184  feasible=True    371.3s  total_storage=49,562,948 m3
[2025-05-27] day 88/184  feasible=True    369.9s  total_storage=49,504,980 m3
[2025-05-28] day 89/184  feasible=True    370.9s  total_storage=49,495,602 m3
[2025-05-29] day 90/184  feasible=True    368.4s  total_storage=49,379,166 m3
[summary_06] 2025-05-15..2025-05-29  15 day(s) aggregated -> output\summary_06
[2025-05-30] day 91/184  feasible=True    367.6s  total_storage=48,671,560 m3
[2025-05-31] day 92/184  feasible=True    364.4s  total_storage=49,188,761 m3
[2025-06-01] day 93/184  feasible=True    352.9s  total_storage=49,192,464 m3
[2025-06-02] day 94/184  feasible=True    356.8s  total_storage=49,332,139 m3
[2025-06-03] day 95/184  feasible=True    345.3s  total_storage=49,232,953 m3
[2025-06-04] day 96/184  feasible=True    346.6s  total_storage=49,215,636 m3
[2025-06-05] day 97/184  feasible=True    343.7s  total_storage=49,148,849 m3
[2025-06-06] day 98/184  feasible=True    354.2s  total_storage=49,186,743 m3
[2025-06-07] day 99/184  feasible=True    341.9s  total_storage=49,171,909 m3
[2025-06-08] day 100/184  feasible=True    347.4s  total_storage=49,116,531 m3
[2025-06-09] day 101/184  feasible=True    357.3s  total_storage=49,103,098 m3
[2025-06-10] day 102/184  feasible=True    361.5s  total_storage=49,119,457 m3
[2025-06-11] day 103/184  feasible=True    356.7s  total_storage=49,173,983 m3
[2025-06-12] day 104/184  feasible=True    346.5s  total_storage=49,854,172 m3
[2025-06-13] day 105/184  feasible=True    345.0s  total_storage=49,956,159 m3
[summary_07] 2025-05-30..2025-06-13  15 day(s) aggregated -> output\summary_07
[2025-06-14] day 106/184  feasible=True    348.8s  total_storage=49,867,154 m3
[2025-06-15] day 107/184  feasible=True    347.1s  total_storage=49,983,735 m3
[2025-06-16] day 108/184  feasible=True    344.4s  total_storage=50,001,891 m3
[2025-06-17] day 109/184  feasible=True    350.0s  total_storage=50,066,206 m3
[2025-06-18] day 110/184  feasible=True    348.7s  total_storage=50,054,144 m3
[2025-06-19] day 111/184  feasible=True    345.4s  total_storage=49,946,305 m3
[2025-06-20] day 112/184  feasible=True    342.6s  total_storage=49,837,073 m3
[2025-06-21] day 113/184  feasible=True    349.2s  total_storage=49,725,734 m3
[2025-06-22] day 114/184  feasible=True    350.4s  total_storage=49,683,811 m3
[2025-06-23] day 115/184  feasible=True    345.8s  total_storage=49,320,505 m3
[2025-06-24] day 116/184  feasible=True    347.8s  total_storage=49,823,355 m3
[2025-06-25] day 117/184  feasible=True    347.3s  total_storage=49,777,931 m3
[2025-06-26] day 118/184  feasible=True    344.3s  total_storage=49,775,683 m3
[2025-06-27] day 119/184  feasible=True    349.0s  total_storage=49,803,005 m3
[2025-06-28] day 120/184  feasible=True    355.3s  total_storage=49,853,510 m3
[summary_08] 2025-06-14..2025-06-28  15 day(s) aggregated -> output\summary_08
[2025-06-29] day 121/184  feasible=True    345.5s  total_storage=49,944,233 m3
[2025-06-30] day 122/184  feasible=True    341.3s  total_storage=49,986,508 m3
[2025-07-01] day 123/184  feasible=True    344.9s  total_storage=49,940,013 m3
[2025-07-02] day 124/184  feasible=True    340.8s  total_storage=49,842,542 m3
[2025-07-03] day 125/184  feasible=True    347.7s  total_storage=49,811,584 m3
[2025-07-04] day 126/184  feasible=True    345.5s  total_storage=49,817,159 m3
[2025-07-05] day 127/184  feasible=True    348.6s  total_storage=48,781,253 m3
[2025-07-06] day 128/184  feasible=True    355.2s  total_storage=49,211,495 m3
[2025-07-07] day 129/184  feasible=True    351.2s  total_storage=49,125,986 m3
[2025-07-08] day 130/184  feasible=True    348.0s  total_storage=49,136,994 m3
[2025-07-09] day 131/184  feasible=True    342.8s  total_storage=49,170,932 m3
[2025-07-10] day 132/184  feasible=True    352.9s  total_storage=49,236,110 m3
[2025-07-11] day 133/184  feasible=True    350.5s  total_storage=49,324,623 m3
[2025-07-12] day 134/184  feasible=True    343.2s  total_storage=49,303,669 m3
[2025-07-13] day 135/184  feasible=True    343.9s  total_storage=49,359,583 m3
[summary_09] 2025-06-29..2025-07-13  15 day(s) aggregated -> output\summary_09
[2025-07-14] day 136/184  feasible=True    340.1s  total_storage=49,312,586 m3
[2025-07-15] day 137/184  feasible=True    348.2s  total_storage=49,324,610 m3
[2025-07-16] day 138/184  feasible=True    347.2s  total_storage=49,319,740 m3
[2025-07-17] day 139/184  feasible=True    338.5s  total_storage=47,187,582 m3
[2025-07-18] day 140/184  feasible=True    350.6s  total_storage=47,450,950 m3
[2025-07-19] day 141/184  feasible=True    338.3s  total_storage=47,353,028 m3
[2025-07-20] day 142/184  feasible=True    353.1s  total_storage=47,535,067 m3
[2025-07-21] day 143/184  feasible=True    355.9s  total_storage=47,564,709 m3
[2025-07-22] day 144/184  feasible=True    349.4s  total_storage=47,526,225 m3
[2025-07-23] day 145/184  feasible=True    350.8s  total_storage=47,498,299 m3
[2025-07-24] day 146/184  feasible=True    344.2s  total_storage=47,486,788 m3
[2025-07-25] day 147/184  feasible=True    405.1s  total_storage=47,443,954 m3
[2025-07-26] day 148/184  feasible=True    349.4s  total_storage=47,412,007 m3
[2025-07-27] day 149/184  feasible=True    345.0s  total_storage=47,435,813 m3
[2025-07-28] day 150/184  feasible=True    343.0s  total_storage=47,392,750 m3
[summary_10] 2025-07-14..2025-07-28  15 day(s) aggregated -> output\summary_10
[2025-07-29] day 151/184  feasible=True    341.8s  total_storage=42,118,752 m3
[2025-07-30] day 152/184  feasible=True    355.7s  total_storage=41,132,113 m3
[2025-07-31] day 153/184  feasible=True    354.3s  total_storage=40,627,870 m3
[2025-08-01] day 154/184  feasible=True    348.3s  total_storage=41,123,216 m3
[2025-08-02] day 155/184  feasible=True    348.6s  total_storage=41,249,290 m3
[2025-08-03] day 156/184  feasible=True    352.9s  total_storage=41,360,425 m3
[2025-08-04] day 157/184  feasible=True    381.8s  total_storage=41,413,265 m3
[2025-08-05] day 158/184  feasible=True    359.7s  total_storage=41,658,856 m3
[2025-08-06] day 159/184  feasible=True    355.5s  total_storage=41,703,713 m3
[2025-08-07] day 160/184  feasible=True    350.4s  total_storage=41,608,981 m3
[2025-08-08] day 161/184  feasible=True    349.6s  total_storage=41,427,963 m3
[2025-08-09] day 162/184  feasible=True    348.5s  total_storage=41,370,770 m3
[2025-08-10] day 163/184  feasible=True    353.3s  total_storage=43,587,939 m3
[2025-08-11] day 164/184  feasible=True    349.4s  total_storage=42,975,031 m3
[2025-08-12] day 165/184  feasible=True    344.1s  total_storage=43,049,737 m3
[summary_11] 2025-07-29..2025-08-12  15 day(s) aggregated -> output\summary_11
[2025-08-13] day 166/184  feasible=True    343.0s  total_storage=42,814,108 m3
[2025-08-14] day 167/184  feasible=True    342.2s  total_storage=42,858,158 m3
[2025-08-15] day 168/184  feasible=True    344.6s  total_storage=42,891,560 m3
[2025-08-16] day 169/184  feasible=True    346.9s  total_storage=42,923,770 m3
[2025-08-17] day 170/184  feasible=True    343.4s  total_storage=42,999,601 m3
[2025-08-18] day 171/184  feasible=True    362.9s  total_storage=43,052,961 m3
[2025-08-19] day 172/184  feasible=True    347.2s  total_storage=42,948,345 m3
[2025-08-20] day 173/184  feasible=True    351.5s  total_storage=42,885,428 m3
[2025-08-21] day 174/184  feasible=True    350.7s  total_storage=42,916,130 m3
[2025-08-22] day 175/184  feasible=True    344.9s  total_storage=36,910,424 m3
[2025-08-23] day 176/184  feasible=True    349.6s  total_storage=35,367,037 m3
[2025-08-24] day 177/184  feasible=True    348.0s  total_storage=34,827,353 m3
[2025-08-25] day 178/184  feasible=True    360.5s  total_storage=35,522,320 m3
[2025-08-26] day 179/184  feasible=True    370.2s  total_storage=35,572,324 m3
[2025-08-27] day 180/184  feasible=True    376.0s  total_storage=35,479,026 m3
[summary_12] 2025-08-13..2025-08-27  15 day(s) aggregated -> output\summary_12
[2025-08-28] day 181/184  feasible=True    376.9s  total_storage=35,449,006 m3
[2025-08-29] day 182/184  feasible=True    376.6s  total_storage=35,473,469 m3
[2025-08-30] day 183/184  feasible=True    380.4s  total_storage=35,507,772 m3
[2025-08-31] day 184/184  feasible=True    388.3s  total_storage=35,521,161 m3
[summary_13] 2025-08-28..2025-08-31  4 day(s) aggregated -> output\summary_13
=== run_simulation stopped/finished at 2025-08-31 ===
